Component: ARM Compiler 5.06 update 6 (build 750) Tool: armlink [4d35ed]

==============================================================================

Section Cross References

    startup_stm32f10x_hd.o(RESET) refers to startup_stm32f10x_hd.o(STACK) for __initial_sp
    startup_stm32f10x_hd.o(RESET) refers to startup_stm32f10x_hd.o(.text) for Reset_Handler
    startup_stm32f10x_hd.o(RESET) refers to stm32f10x_it.o(.text) for NMI_Handler
    startup_stm32f10x_hd.o(RESET) refers to port.o(.emb_text) for SVC_Handler
    startup_stm32f10x_hd.o(RESET) refers to time.o(.text) for TIM4_IRQHandler
    startup_stm32f10x_hd.o(.text) refers to system_stm32f10x.o(.text) for SystemInit
    startup_stm32f10x_hd.o(.text) refers to entry.o(.ARM.Collect$$$$00000000) for __main
    system_stm32f10x.o(.text) refers to system_stm32f10x.o(.data) for SystemCoreClock
    stm32f10x_adc.o(.text) refers to stm32f10x_rcc.o(.text) for RCC_APB2PeriphResetCmd
    stm32f10x_bkp.o(.text) refers to stm32f10x_rcc.o(.text) for RCC_BackupResetCmd
    stm32f10x_can.o(.text) refers to stm32f10x_rcc.o(.text) for RCC_APB1PeriphResetCmd
    stm32f10x_cec.o(.text) refers to stm32f10x_rcc.o(.text) for RCC_APB1PeriphResetCmd
    stm32f10x_dac.o(.text) refers to stm32f10x_rcc.o(.text) for RCC_APB1PeriphResetCmd
    stm32f10x_gpio.o(.text) refers to stm32f10x_rcc.o(.text) for RCC_APB2PeriphResetCmd
    stm32f10x_i2c.o(.text) refers to stm32f10x_rcc.o(.text) for RCC_APB1PeriphResetCmd
    stm32f10x_pwr.o(.text) refers to stm32f10x_rcc.o(.text) for RCC_APB1PeriphResetCmd
    stm32f10x_rcc.o(.text) refers to stm32f10x_rcc.o(.data) for APBAHBPrescTable
    stm32f10x_spi.o(.text) refers to stm32f10x_rcc.o(.text) for RCC_APB2PeriphResetCmd
    stm32f10x_tim.o(.text) refers to stm32f10x_rcc.o(.text) for RCC_APB2PeriphResetCmd
    stm32f10x_usart.o(.text) refers to stm32f10x_rcc.o(.text) for RCC_APB2PeriphResetCmd
    stm32f10x_wwdg.o(.text) refers to stm32f10x_rcc.o(.text) for RCC_APB1PeriphResetCmd
    main.o(.text) refers to lv_task.o(.text) for lv_task_handler
    main.o(.text) refers to tasks.o(.text) for vTaskDelay
    main.o(.text) refers to printf5.o(i.__0printf$5) for __2printf
    main.o(.text) refers to port.o(.text) for vPortEnterCritical
    main.o(.text) refers to misc.o(.text) for NVIC_PriorityGroupConfig
    main.o(.text) refers to bsp_led.o(.text) for LED_GPIO_Config
    main.o(.text) refers to bsp_usart.o(.text) for USART_Config
    main.o(.text) refers to touch.o(.text) for TP_Init
    main.o(.text) refers to tftlcd.o(.text) for TFTLCD_Init
    main.o(.text) refers to sram.o(.text) for FSMC_SRAM_Init
    main.o(.text) refers to time.o(.text) for TIM4_Init
    main.o(.text) refers to lv_obj.o(.text) for lv_init
    main.o(.text) refers to lv_port_disp.o(.text) for lv_port_disp_init
    main.o(.text) refers to lv_port_indev.o(.text) for lv_port_indev_init
    main.o(.text) refers to lv_sw_test.o(.text) for lv_sw_test_start
    main.o(.text) refers to touch.o(.data) for tp_dev
    main.o(.text) refers to main.o(.data) for LED_Task_Handle
    main.o(.text) refers to tftlcd.o(.data) for FRONT_COLOR
    stm32f10x_it.o(.text) refers to tasks.o(.text) for xTaskGetSchedulerState
    stm32f10x_it.o(.text) refers to port.o(.text) for xPortSysTickHandler
    bsp_led.o(.text) refers to stm32f10x_rcc.o(.text) for RCC_APB2PeriphClockCmd
    bsp_led.o(.text) refers to stm32f10x_gpio.o(.text) for GPIO_Init
    bsp_usart.o(.text) refers to misc.o(.text) for NVIC_PriorityGroupConfig
    bsp_usart.o(.text) refers to stm32f10x_rcc.o(.text) for RCC_APB2PeriphClockCmd
    bsp_usart.o(.text) refers to stm32f10x_gpio.o(.text) for GPIO_Init
    bsp_usart.o(.text) refers to stm32f10x_usart.o(.text) for USART_Init
    bsp_key.o(.text) refers to stm32f10x_rcc.o(.text) for RCC_APB2PeriphClockCmd
    bsp_key.o(.text) refers to stm32f10x_gpio.o(.text) for GPIO_Init
    time.o(.text) refers to stm32f10x_rcc.o(.text) for RCC_APB1PeriphClockCmd
    time.o(.text) refers to stm32f10x_tim.o(.text) for TIM_TimeBaseInit
    time.o(.text) refers to misc.o(.text) for NVIC_Init
    time.o(.text) refers to lv_hal_tick.o(.text) for lv_tick_inc
    sram.o(.text) refers to stm32f10x_rcc.o(.text) for RCC_APB2PeriphClockCmd
    sram.o(.text) refers to stm32f10x_gpio.o(.text) for GPIO_Init
    sram.o(.text) refers to stm32f10x_fsmc.o(.text) for FSMC_NORSRAMInit
    event_groups.o(.text) refers to heap_4.o(.text) for pvPortMalloc
    event_groups.o(.text) refers to list.o(.text) for vListInitialise
    event_groups.o(.text) refers to printf5.o(i.__0printf$5) for __2printf
    event_groups.o(.text) refers to tasks.o(.text) for vTaskSuspendAll
    event_groups.o(.text) refers to port.o(.text) for vPortEnterCritical
    queue.o(.text) refers to printf5.o(i.__0printf$5) for __2printf
    queue.o(.text) refers to port.o(.text) for vPortEnterCritical
    queue.o(.text) refers to tasks.o(.text) for xTaskRemoveFromEventList
    queue.o(.text) refers to list.o(.text) for vListInitialise
[...]
    TIM_OC3Init                              0x08001509   Thumb Code   150  stm32f10x_tim.o(.text)
    TIM_OC4Init                              0x0800159f   Thumb Code   182  stm32f10x_tim.o(.text)
    TIM_SetIC4Prescaler                      0x08001655   Thumb Code    26  stm32f10x_tim.o(.text)
    TIM_SetIC3Prescaler                      0x080016f1   Thumb Code    18  stm32f10x_tim.o(.text)
    TIM_SetIC2Prescaler                      0x0800177d   Thumb Code    26  stm32f10x_tim.o(.text)
    TIM_SetIC1Prescaler                      0x08001819   Thumb Code    18  stm32f10x_tim.o(.text)
    TIM_ICInit                               0x08001897   Thumb Code   150  stm32f10x_tim.o(.text)
    TIM_PWMIConfig                           0x0800192d   Thumb Code   124  stm32f10x_tim.o(.text)
    TIM_BDTRConfig                           0x080019a9   Thumb Code    32  stm32f10x_tim.o(.text)
    TIM_TimeBaseStructInit                   0x080019c9   Thumb Code    18  stm32f10x_tim.o(.text)
    TIM_OCStructInit                         0x080019db   Thumb Code    20  stm32f10x_tim.o(.text)
    TIM_ICStructInit                         0x080019ef   Thumb Code    18  stm32f10x_tim.o(.text)
    TIM_BDTRStructInit                       0x08001a01   Thumb Code    40  stm32f10x_tim.o(.text)
    TIM_Cmd                                  0x08001a29   Thumb Code    24  stm32f10x_tim.o(.text)
    TIM_CtrlPWMOutputs                       0x08001a41   Thumb Code    30  stm32f10x_tim.o(.text)
    TIM_ITConfig                             0x08001a5f   Thumb Code    18  stm32f10x_tim.o(.text)
    TIM_GenerateEvent                        0x08001a71   Thumb Code     4  stm32f10x_tim.o(.text)
    TIM_DMAConfig                            0x08001a75   Thumb Code    10  stm32f10x_tim.o(.text)
    TIM_DMACmd                               0x08001a7f   Thumb Code    18  stm32f10x_tim.o(.text)
    TIM_InternalClockConfig                  0x08001a91   Thumb Code    12  stm32f10x_tim.o(.text)
    TIM_SelectInputTrigger                   0x08001a9d   Thumb Code    18  stm32f10x_tim.o(.text)
    TIM_ITRxExternalClockConfig              0x08001aaf   Thumb Code    24  stm32f10x_tim.o(.text)
    TIM_TIxExternalClockConfig               0x08001ac7   Thumb Code    62  stm32f10x_tim.o(.text)
    TIM_ETRConfig                            0x08001b05   Thumb Code    28  stm32f10x_tim.o(.text)
    TIM_ETRClockMode1Config                  0x08001b21   Thumb Code    54  stm32f10x_tim.o(.text)
    TIM_ETRClockMode2Config                  0x08001b57   Thumb Code    32  stm32f10x_tim.o(.text)
    TIM_PrescalerConfig                      0x08001b77   Thumb Code     6  stm32f10x_tim.o(.text)
    TIM_CounterModeConfig                    0x08001b7d   Thumb Code    18  stm32f10x_tim.o(.text)
    TIM_EncoderInterfaceConfig               0x08001b8f   Thumb Code    66  stm32f10x_tim.o(.text)
    TIM_ForcedOC1Config                      0x08001bd1   Thumb Code    18  stm32f10x_tim.o(.text)
    TIM_ForcedOC2Config                      0x08001be3   Thumb Code    26  stm32f10x_tim.o(.text)
    TIM_ForcedOC3Config                      0x08001bfd   Thumb Code    18  stm32f10x_tim.o(.text)
    TIM_ForcedOC4Config                      0x08001c0f   Thumb Code    26  stm32f10x_tim.o(.text)
    TIM_ARRPreloadConfig                     0x08001c29   Thumb Code    24  stm32f10x_tim.o(.text)
    TIM_SelectCOM                            0x08001c41   Thumb Code    24  stm32f10x_tim.o(.text)
    TIM_SelectCCDMA                          0x08001c59   Thumb Code    24  stm32f10x_tim.o(.text)
    TIM_CCPreloadControl                     0x08001c71   Thumb Code    24  stm32f10x_tim.o(.text)
    TIM_OC1PreloadConfig                     0x08001c89   Thumb Code    18  stm32f10x_tim.o(.text)
    TIM_OC2PreloadConfig                     0x08001c9b   Thumb Code    26  stm32f10x_tim.o(.text)
    TIM_OC3PreloadConfig                     0x08001cb5   Thumb Code    18  stm32f10x_tim.o(.text)
    TIM_OC4PreloadConfig                     0x08001cc7   Thumb Code    26  stm32f10x_tim.o(.text)
    TIM_OC1FastConfig                        0x08001ce1   Thumb Code    18  stm32f10x_tim.o(.text)
    TIM_OC2FastConfig                        0x08001cf3   Thumb Code    26  stm32f10x_tim.o(.text)
    TIM_OC3FastConfig                        0x08001d0d   Thumb Code    18  stm32f10x_tim.o(.text)
    TIM_OC4FastConfig                        0x08001d1f   Thumb Code    26  stm32f10x_tim.o(.text)
    TIM_ClearOC1Ref                          0x08001d39   Thumb Code    18  stm32f10x_tim.o(.text)
    TIM_ClearOC2Ref                          0x08001d4b   Thumb Code    24  stm32f10x_tim.o(.text)
    TIM_ClearOC3Ref                          0x08001d63   Thumb Code    18  stm32f10x_tim.o(.text)
    TIM_ClearOC4Ref                          0x08001d75   Thumb Code    24  stm32f10x_tim.o(.text)
    TIM_OC1PolarityConfig                    0x08001d8d   Thumb Code    18  stm32f10x_tim.o(.text)
    TIM_OC1NPolarityConfig                   0x08001d9f   Thumb Code    18  stm32f10x_tim.o(.text)
    TIM_OC2PolarityConfig                    0x08001db1   Thumb Code    26  stm32f10x_tim.o(.text)
    TIM_OC2NPolarityConfig                   0x08001dcb   Thumb Code    26  stm32f10x_tim.o(.text)
    TIM_OC3PolarityConfig                    0x08001de5   Thumb Code    26  stm32f10x_tim.o(.text)
    TIM_OC3NPolarityConfig                   0x08001dff   Thumb Code    26  stm32f10x_tim.o(.text)
    TIM_OC4PolarityConfig                    0x08001e19   Thumb Code    26  stm32f10x_tim.o(.text)
    TIM_CCxCmd                               0x08001e33   Thumb Code    30  stm32f10x_tim.o(.text)
    TIM_CCxNCmd                              0x08001e51   Thumb Code    30  stm32f10x_tim.o(.text)
    TIM_SelectOCxM                           0x08001e6f   Thumb Code    82  stm32f10x_tim.o(.text)
    TIM_UpdateDisableConfig                  0x08001ec1   Thumb Code    24  stm32f10x_tim.o(.text)
    TIM_UpdateRequestConfig                  0x08001ed9   Thumb Code    24  stm32f10x_tim.o(.text)
    TIM_SelectHallSensor                     0x08001ef1   Thumb Code    24  stm32f10x_tim.o(.text)
    TIM_SelectOnePulseMode                   0x08001f09   Thumb Code    18  stm32f10x_tim.o(.text)
    TIM_SelectOutputTrigger                  0x08001f1b   Thumb Code    18  stm32f10x_tim.o(.text)
    TIM_SelectSlaveMode                      0x08001f2d   Thumb Code    18  stm32f10x_tim.o(.text)
    TIM_SelectMasterSlaveMode                0x08001f3f   Thumb Code    18  stm32f10x_tim.o(.text)
    TIM_SetCounter                           0x08001f51   Thumb Code     4  stm32f10x_tim.o(.text)
    TIM_SetAutoreload                        0x08001f55   Thumb Code     4  stm32f10x_tim.o(.text)
    TIM_SetCompare1                          0x08001f59   Thumb Code     4  stm32f10x_tim.o(.text)
    TIM_SetCompare2                          0x08001f5d   Thumb Code     4  stm32f10x_tim.o(.text)
    TIM_SetCompare3                          0x08001f61   Thumb Code     4  stm32f10x_tim.o(.text)
    TIM_SetCompare4                          0x08001f65   Thumb Code     6  stm32f10x_tim.o(.text)
    TIM_SetClockDivision                     0x08001f6b   Thumb Code    18  stm32f10x_tim.o(.text)
    TIM_GetCapture1                          0x08001f7d   Thumb Code     6  stm32f10x_tim.o(.text)
    TIM_GetCapture2                          0x08001f83   Thumb Code     6  stm32f10x_tim.o(.text)
    TIM_GetCapture3                          0x08001f89   Thumb Code     6  stm32f10x_tim.o(.text)
    TIM_GetCapture4                          0x08001f8f   Thumb Code     8  stm32f10x_tim.o(.text)
    TIM_GetCounter                           0x08001f97   Thumb Code     6  stm32f10x_tim.o(.text)
    TIM_GetPrescaler                         0x08001f9d   Thumb Code     6  stm32f10x_tim.o(.text)
    TIM_GetFlagStatus                        0x08001fa3   Thumb Code    18  stm32f10x_tim.o(.text)
    TIM_ClearFlag                            0x08001fb5   Thumb Code     6  stm32f10x_tim.o(.text)
    TIM_GetITStatus                          0x08001fbb   Thumb Code    34  stm32f10x_tim.o(.text)
    TIM_ClearITPendingBit                    0x08001fdd   Thumb Code     6  stm32f10x_tim.o(.text)
    USART_DeInit                             0x08001fe5   Thumb Code   134  stm32f10x_usart.o(.text)
    USART_Init                               0x0800206b   Thumb Code   210  stm32f10x_usart.o(.text)
    USART_StructInit                         0x0800213d   Thumb Code    24  stm32f10x_usart.o(.text)
    USART_ClockInit                          0x08002155   Thumb Code    34  stm32f10x_usart.o(.text)
    USART_ClockStructInit                    0x08002177   Thumb Code    12  stm32f10x_usart.o(.text)
    USART_Cmd                                0x08002183   Thumb Code    24  stm32f10x_usart.o(.text)
    USART_ITConfig                           0x0800219b   Thumb Code    74  stm32f10x_usart.o(.text)
    USART_DMACmd                             0x080021e5   Thumb Code    18  stm32f10x_usart.o(.text)
    USART_SetAddress                         0x080021f7   Thumb Code    18  stm32f10x_usart.o(.text)
    USART_WakeUpConfig                       0x08002209   Thumb Code    18  stm32f10x_usart.o(.text)
    USART_ReceiverWakeUpCmd                  0x0800221b   Thumb Code    24  stm32f10x_usart.o(.text)
    USART_LINBreakDetectLengthConfig         0x08002233   Thumb Code    18  stm32f10x_usart.o(.text)
    USART_LINCmd                             0x08002245   Thumb Code    24  stm32f10x_usart.o(.text)
    USART_SendData                           0x0800225d   Thumb Code     8  stm32f10x_usart.o(.text)
    USART_ReceiveData                        0x08002265   Thumb Code    10  stm32f10x_usart.o(.text)
    USART_SendBreak                          0x0800226f   Thumb Code    10  stm32f10x_usart.o(.text)
    USART_SetGuardTime                       0x08002279   Thumb Code    16  stm32f10x_usart.o(.text)
    USART_SetPrescaler                       0x08002289   Thumb Code    16  stm32f10x_usart.o(.text)
    USART_SmartCardCmd                       0x08002299   Thumb Code    24  stm32f10x_usart.o(.text)
    USART_SmartCardNACKCmd                   0x080022b1   Thumb Code    24  stm32f10x_usart.o(.text)
    USART_HalfDuplexCmd                      0x080022c9   Thumb Code    24  stm32f10x_usart.o(.text)
    USART_OverSampling8Cmd                   0x080022e1   Thumb Code    22  stm32f10x_usart.o(.text)
    USART_OneBitMethodCmd                    0x080022f7   Thumb Code    24  stm32f10x_usart.o(.text)
    USART_IrDAConfig                         0x0800230f   Thumb Code    18  stm32f10x_usart.o(.text)
    USART_IrDACmd                            0x08002321   Thumb Code    24  stm32f10x_usart.o(.text)
    USART_GetFlagStatus                      0x08002339   Thumb Code    26  stm32f10x_usart.o(.text)
    USART_ClearFlag                          0x08002353   Thumb Code    18  stm32f10x_usart.o(.text)
    USART_GetITStatus                        0x08002365   Thumb Code    84  stm32f10x_usart.o(.text)
    USART_ClearITPendingBit                  0x080023b9   Thumb Code    52  stm32f10x_usart.o(.text)
    main                                     0x080024bd   Thumb Code    56  main.o(.text)
    display_init                             0x080024f5   Thumb Code   180  main.o(.text)
    NMI_Handler                              0x080026a5   Thumb Code     2  stm32f10x_it.o(.text)
    HardFault_Handler                        0x080026a7   Thumb Code     4  stm32f10x_it.o(.text)
    MemManage_Handler                        0x080026ab   Thumb Code     4  stm32f10x_it.o(.text)
    BusFault_Handler                         0x080026af   Thumb Code     4  stm32f10x_it.o(.text)
    UsageFault_Handler                       0x080026b3   Thumb Code     4  stm32f10x_it.o(.text)
    DebugMon_Handler                         0x080026b7   Thumb Code     2  stm32f10x_it.o(.text)
    SysTick_Handler                          0x080026b9   Thumb Code    16  stm32f10x_it.o(.text)
    LED_GPIO_Config                          0x080026c9   Thumb Code    72  bsp_led.o(.text)
    USART_Config                             0x0800273f   Thumb Code   136  bsp_usart.o(.text)
    Usart_SendByte                           0x080027c7   Thumb Code    30  bsp_usart.o(.text)
    Usart_SendArray                          0x080027e5   Thumb Code    48  bsp_usart.o(.text)
    Usart_SendString                         0x08002815   Thumb Code    42  bsp_usart.o(.text)
    Usart_SendHalfWord                       0x0800283f   Thumb Code    60  bsp_usart.o(.text)
    fputc                                    0x0800287b   Thumb Code    32  bsp_usart.o(.text)
    fgetc                                    0x0800289b   Thumb Code    26  bsp_usart.o(.text)
    TIM4_Init                                0x080028bd   Thumb Code    98  time.o(.text)
    TIM4_IRQHandler                          0x0800291f   Thumb Code    60  time.o(.text)
    FSMC_SRAM_Init                           0x08002961   Thumb Code   226  sram.o(.text)
    FSMC_SRAM_WriteBuffer                    0x08002a43   Thumb Code    24  sram.o(.text)
    FSMC_SRAM_ReadBuffer                     0x08002a5b   Thumb Code    22  sram.o(.text)
    vListInitialise                          0x08002a81   Thumb Code    26  list.o(.text)
    vListInitialiseItem                      0x08002a9b   Thumb Code     6  list.o(.text)
    vListInsertEnd                           0x08002aa1   Thumb Code    24  list.o(.text)
    vListInsert                              0x08002ab9   Thumb Code    52  list.o(.text)
    uxListRemove                             0x08002aed   Thumb Code    40  list.o(.text)
    xTaskCreate                              0x08002c8b   Thumb Code    96  tasks.o(.text)
    vTaskDelete                              0x08002d27   Thumb Code   192  tasks.o(.text)
    xTaskIncrementTick                       0x08002de7   Thumb Code   272  tasks.o(.text)
    xTaskResumeAll                           0x08002ef7   Thumb Code   344  tasks.o(.text)
    vTaskSuspendAll                          0x080030cb   Thumb Code    12  tasks.o(.text)
    vTaskDelayUntil                          0x080030d7   Thumb Code   182  tasks.o(.text)
    vTaskDelay                               0x0800318d   Thumb Code    76  tasks.o(.text)
    eTaskGetState                            0x080031d9   Thumb Code   106  tasks.o(.text)
    uxTaskPriorityGet                        0x08003243   Thumb Code    30  tasks.o(.text)
    uxTaskPriorityGetFromISR                 0x08003261   Thumb Code    62  tasks.o(.text)
    vTaskPrioritySet                         0x0800329f   Thumb Code   306  tasks.o(.text)
    vTaskSwitchContext                       0x080033d1   Thumb Code   114  tasks.o(.text)
    vTaskSuspend                             0x08003443   Thumb Code   190  tasks.o(.text)
    vTaskResume                              0x0800354d   Thumb Code   122  tasks.o(.text)
    xTaskResumeFromISR                       0x080035c7   Thumb Code   152  tasks.o(.text)
    vTaskStartScheduler                      0x080036d5   Thumb Code   102  tasks.o(.text)
    vTaskEndScheduler                        0x0800373b   Thumb Code    32  tasks.o(.text)
    xTaskGetTickCount                        0x0800375b   Thumb Code     6  tasks.o(.text)
    xTaskGetTickCountFromISR                 0x08003761   Thumb Code    16  tasks.o(.text)
    uxTaskGetNumberOfTasks                   0x08003771   Thumb Code     6  tasks.o(.text)
    pcTaskGetName                            0x08003777   Thumb Code    40  tasks.o(.text)
    vTaskPlaceOnEventList                    0x0800379f   Thumb Code   118  tasks.o(.text)
    vTaskPlaceOnUnorderedEventList           0x08003815   Thumb Code    88  tasks.o(.text)
    xTaskRemoveFromEventList                 0x0800386d   Thumb Code   122  tasks.o(.text)
    xTaskRemoveFromUnorderedEventList        0x080038e7   Thumb Code   142  tasks.o(.text)
    vTaskSetTimeOutState                     0x08003975   Thumb Code    36  tasks.o(.text)
    xTaskCheckForTimeOut                     0x08003999   Thumb Code   124  tasks.o(.text)
    vTaskMissedYield                         0x08003a15   Thumb Code     8  tasks.o(.text)
    xTaskGetSchedulerState                   0x08003a1d   Thumb Code    24  tasks.o(.text)
    uxTaskResetEventItemValue                0x08003a35   Thumb Code    24  tasks.o(.text)
    ulTaskNotifyTake                         0x08003a4d   Thumb Code   108  tasks.o(.text)
    xTaskNotifyWait                          0x08003ab9   Thumb Code   150  tasks.o(.text)
    xTaskGenericNotify                       0x08003b4f   Thumb Code   272  tasks.o(.text)
    xTaskGenericNotifyFromISR                0x08003c5f   Thumb Code   286  tasks.o(.text)
    vTaskNotifyGiveFromISR                   0x08003d7d   Thumb Code   204  tasks.o(.text)
    xTaskNotifyStateClear                    0x08003e49   Thumb Code    48  tasks.o(.text)
    pvPortMalloc                             0x08003f53   Thumb Code   262  heap_4.o(.text)
    vPortFree                                0x08004059   Thumb Code   120  heap_4.o(.text)
    xPortGetFreeHeapSize                     0x080040d1   Thumb Code     6  heap_4.o(.text)
    xPortGetMinimumEverFreeHeapSize          0x080040d7   Thumb Code     6  heap_4.o(.text)
    vPortInitialiseBlocks                    0x080040dd   Thumb Code     2  heap_4.o(.text)
    pxPortInitialiseStack                    0x08004161   Thumb Code    30  port.o(.text)
    vPortSetupTimerInterrupt                 0x0800417f   Thumb Code    26  port.o(.text)
    xPortStartScheduler                      0x08004199   Thumb Code   140  port.o(.text)
    vPortEndScheduler                        0x08004225   Thumb Code    34  port.o(.text)
    vPortEnterCritical                       0x08004247   Thumb Code    70  port.o(.text)
    vPortExitCritical                        0x0800428d   Thumb Code    48  port.o(.text)
    xPortSysTickHandler                      0x080042bd   Thumb Code    48  port.o(.text)
    vPortValidateInterruptPriority           0x080042ed   Thumb Code    88  port.o(.text)
    LCD_WriteCmd                             0x08004399   Thumb Code     6  tftlcd.o(.text)
    LCD_WriteData                            0x0800439f   Thumb Code     8  tftlcd.o(.text)
    LCD_WriteCmdData                         0x080043a7   Thumb Code    20  tftlcd.o(.text)
    LCD_RGBColor_Change                      0x080043bb   Thumb Code    28  tftlcd.o(.text)
    LCD_WriteData_Color                      0x080043d7   Thumb Code    14  tftlcd.o(.text)
    LCD_ReadData                             0x080043e5   Thumb Code     8  tftlcd.o(.text)
    LCD_Display_Dir                          0x080043ed   Thumb Code    66  tftlcd.o(.text)
    LCD_Set_Window                           0x0800442f   Thumb Code    74  tftlcd.o(.text)
    LCD_ReadPoint                            0x08004479   Thumb Code   112  tftlcd.o(.text)
    TFTLCD_GPIO_Init                         0x080044e9   Thumb Code   130  tftlcd.o(.text)
    TFTLCD_FSMC_Init                         0x0800456b   Thumb Code   126  tftlcd.o(.text)
    LCD_SSD_BackLightSet                     0x080045e9   Thumb Code    80  tftlcd.o(.text)
    LCD_Clear                                0x08004639   Thumb Code    68  tftlcd.o(.text)
    TFTLCD_Init                              0x0800467d   Thumb Code   530  tftlcd.o(.text)
    LCD_Fill                                 0x0800488f   Thumb Code    92  tftlcd.o(.text)
    LCD_Color_Fill                           0x080048eb   Thumb Code    90  tftlcd.o(.text)
    LCD_DrawPoint                            0x08004945   Thumb Code    28  tftlcd.o(.text)
    LCD_DrawFRONT_COLOR                      0x08004961   Thumb Code    28  tftlcd.o(.text)
    LCD_DrawLine                             0x0800497d   Thumb Code   176  tftlcd.o(.text)
    LCD_DrawLine_Color                       0x08004a2d   Thumb Code   172  tftlcd.o(.text)
    LCD_DrowSign                             0x08004ad9   Thumb Code   132  tftlcd.o(.text)
    LCD_DrawRectangle                        0x08004b5d   Thumb Code    60  tftlcd.o(.text)
    LCD_Draw_Circle                          0x08004b99   Thumb Code   152  tftlcd.o(.text)
    LCD_ShowChar                             0x08004c31   Thumb Code   296  tftlcd.o(.text)
    LCD_Pow                                  0x08004d59   Thumb Code    22  tftlcd.o(.text)
    LCD_ShowNum                              0x08004d6f   Thumb Code   148  tftlcd.o(.text)
    LCD_ShowxNum                             0x08004e03   Thumb Code   190  tftlcd.o(.text)
    LCD_ShowString                           0x08004ec1   Thumb Code   102  tftlcd.o(.text)
    LCD_ShowFontHZ                           0x08004f27   Thumb Code   220  tftlcd.o(.text)
    LCD_ShowPicture                          0x08005003   Thumb Code   138  tftlcd.o(.text)
    delay_us                                 0x08005099   Thumb Code    18  systick.o(.text)
    delay_ms                                 0x080050ab   Thumb Code    22  systick.o(.text)
    TP_Write_Byte                            0x080050c1   Thumb Code    64  touch.o(.text)
    TP_Read_AD                               0x08005101   Thumb Code   136  touch.o(.text)
    TP_Read_XOY                              0x08005189   Thumb Code   122  touch.o(.text)
    TP_Read_XY                               0x08005203   Thumb Code    38  touch.o(.text)
    TP_Read_XY2                              0x08005229   Thumb Code   192  touch.o(.text)
    TP_Drow_Touch_Point                      0x080052e9   Thumb Code   108  touch.o(.text)
    TP_Draw_Big_Point                        0x08005355   Thumb Code    54  touch.o(.text)
    TP_Scan                                  0x0800538b   Thumb Code   258  touch.o(.text)
    TP_Save_Adjdata                          0x0800548d   Thumb Code   152  touch.o(.text)
    TP_Get_Adjdata                           0x08005525   Thumb Code   156  touch.o(.text)
    TP_Adj_Info_Show                         0x080055c1   Thumb Code   374  touch.o(.text)
    TP_Adjust                                0x08005737   Thumb Code  2120  touch.o(.text)
    TP_Init                                  0x08005f7f   Thumb Code   192  touch.o(.text)
    AT24CXX_Init                             0x08006089   Thumb Code     8  24cxx.o(.text)
    AT24CXX_ReadOneByte                      0x08006091   Thumb Code    88  24cxx.o(.text)
    AT24CXX_WriteOneByte                     0x080060e9   Thumb Code    80  24cxx.o(.text)
    AT24CXX_WriteLenByte                     0x08006139   Thumb Code    42  24cxx.o(.text)
    AT24CXX_ReadLenByte                      0x08006163   Thumb Code    44  24cxx.o(.text)
    AT24CXX_Check                            0x0800618f   Thumb Code    46  24cxx.o(.text)
    AT24CXX_Read                             0x080061bd   Thumb Code    34  24cxx.o(.text)
    AT24CXX_Write                            0x080061df   Thumb Code    36  24cxx.o(.text)
    IIC_Init                                 0x08006205   Thumb Code    64  iic.o(.text)
    SDA_OUT                                  0x08006245   Thumb Code    30  iic.o(.text)
    SDA_IN                                   0x08006263   Thumb Code    24  iic.o(.text)
    IIC_Start                                0x0800627b   Thumb Code    50  iic.o(.text)
    IIC_Stop                                 0x080062ad   Thumb Code    46  iic.o(.text)
    IIC_Wait_Ack                             0x080062db   Thumb Code    68  iic.o(.text)
    IIC_Ack                                  0x0800631f   Thumb Code    48  iic.o(.text)
    IIC_NAck                                 0x0800634f   Thumb Code    48  iic.o(.text)
    IIC_Send_Byte                            0x0800637f   Thumb Code    90  iic.o(.text)
    IIC_Read_Byte                            0x080063d9   Thumb Code    80  iic.o(.text)
    lv_disp_get_scr_act                      0x08006435   Thumb Code    22  lv_disp.o(.text)
    lv_disp_load_scr                         0x0800644b   Thumb Code    22  lv_disp.o(.text)
    lv_disp_get_layer_top                    0x08006461   Thumb Code    22  lv_disp.o(.text)
    lv_disp_get_layer_sys                    0x08006477   Thumb Code    22  lv_disp.o(.text)
    lv_disp_assign_screen                    0x0800648d   Thumb Code    50  lv_disp.o(.text)
    lv_disp_get_refr_task                    0x080064bf   Thumb Code    22  lv_disp.o(.text)
    lv_disp_get_inactive_time                0x080064d5   Thumb Code    86  lv_disp.o(.text)
    lv_disp_trig_activity                    0x0800652b   Thumb Code    28  lv_disp.o(.text)
    lv_group_init                            0x080065c5   Thumb Code    12  lv_group.o(.text)
    lv_group_create                          0x0800676f   Thumb Code   110  lv_group.o(.text)
    lv_group_del                             0x080067dd   Thumb Code    80  lv_group.o(.text)
    lv_group_focus_prev                      0x0800694f   Thumb Code    16  lv_group.o(.text)
    lv_group_focus_next                      0x0800695f   Thumb Code    16  lv_group.o(.text)
    lv_group_add_obj                         0x080069d5   Thumb Code   106  lv_group.o(.text)
    lv_group_remove_obj                      0x08006a3f   Thumb Code   136  lv_group.o(.text)
    lv_group_remove_all_objs                 0x08006ac7   Thumb Code    70  lv_group.o(.text)
    lv_group_get_focused                     0x08006b0d   Thumb Code    22  lv_group.o(.text)
    lv_group_set_editing                     0x08006b23   Thumb Code    92  lv_group.o(.text)
    lv_group_focus_obj                       0x08006b7f   Thumb Code   188  lv_group.o(.text)
    lv_group_focus_freeze                    0x08006c3b   Thumb Code    32  lv_group.o(.text)
    lv_group_send_data                       0x08006c5b   Thumb Code    62  lv_group.o(.text)
    lv_group_set_style_mod_cb                0x08006c99   Thumb Code    22  lv_group.o(.text)
    lv_group_set_style_mod_edit_cb           0x08006caf   Thumb Code    22  lv_group.o(.text)
    lv_group_set_focus_cb                    0x08006cc5   Thumb Code     4  lv_group.o(.text)
    lv_group_set_click_focus                 0x08006cc9   Thumb Code    14  lv_group.o(.text)
    lv_group_set_refocus_policy              0x08006cd7   Thumb Code    14  lv_group.o(.text)
    lv_group_set_wrap                        0x08006ce5   Thumb Code    14  lv_group.o(.text)
    lv_group_mod_style                       0x08006cf3   Thumb Code    62  lv_group.o(.text)
    lv_group_get_style_mod_cb                0x08006d31   Thumb Code    12  lv_group.o(.text)
    lv_group_get_style_mod_edit_cb           0x08006d3d   Thumb Code    12  lv_group.o(.text)
    lv_group_get_focus_cb                    0x08006d49   Thumb Code    12  lv_group.o(.text)
    lv_group_get_editing                     0x08006d55   Thumb Code    18  lv_group.o(.text)
    lv_group_get_click_focus                 0x08006d67   Thumb Code    18  lv_group.o(.text)
    lv_group_get_wrap                        0x08006d79   Thumb Code    18  lv_group.o(.text)
    lv_group_report_style_mod                0x08006d8b   Thumb Code    58  lv_group.o(.text)
    lv_indev_reset                           0x08006dc9   Thumb Code    62  lv_indev.o(.text)
    lv_indev_init                            0x08006e07   Thumb Code    10  lv_indev.o(.text)
    lv_indev_read_task                       0x08007fc3   Thumb Code   250  lv_indev.o(.text)
    lv_indev_get_act                         0x080080bd   Thumb Code     6  lv_indev.o(.text)
    lv_indev_get_type                        0x080080c3   Thumb Code    12  lv_indev.o(.text)
    lv_indev_reset_long_press                0x080080cf   Thumb Code    30  lv_indev.o(.text)
    lv_indev_enable                          0x080080ed   Thumb Code    22  lv_indev.o(.text)
    lv_indev_set_cursor                      0x08008103   Thumb Code    50  lv_indev.o(.text)
    lv_indev_set_group                       0x08008135   Thumb Code    16  lv_indev.o(.text)
    lv_indev_set_button_points               0x08008145   Thumb Code    10  lv_indev.o(.text)
    lv_indev_get_point                       0x0800814f   Thumb Code    32  lv_indev.o(.text)
    lv_indev_get_key                         0x0800816f   Thumb Code    16  lv_indev.o(.text)
    lv_indev_is_dragging                     0x0800817f   Thumb Code    34  lv_indev.o(.text)
    lv_indev_get_vect                        0x080081a1   Thumb Code    42  lv_indev.o(.text)
    lv_indev_wait_release                    0x080081cb   Thumb Code    16  lv_indev.o(.text)
    lv_indev_get_read_task                   0x080081db   Thumb Code    12  lv_indev.o(.text)
    lv_indev_get_obj_act                     0x080081e7   Thumb Code     6  lv_indev.o(.text)
    lv_init                                  0x080081f5   Thumb Code    76  lv_obj.o(.text)
    lv_obj_get_parent                        0x08008241   Thumb Code     6  lv_obj.o(.text)
    lv_obj_get_hidden                        0x08008247   Thumb Code    12  lv_obj.o(.text)
    lv_obj_get_screen                        0x08008253   Thumb Code    26  lv_obj.o(.text)
    lv_obj_get_disp                          0x0800826d   Thumb Code    88  lv_obj.o(.text)
    lv_obj_invalidate                        0x080082c5   Thumb Code   206  lv_obj.o(.text)
    lv_obj_get_coords                        0x080083e3   Thumb Code    18  lv_obj.o(.text)
    lv_obj_set_pos                           0x080083f5   Thumb Code   162  lv_obj.o(.text)
    lv_obj_get_y                             0x08008497   Thumb Code    24  lv_obj.o(.text)
    lv_obj_get_x                             0x080084af   Thumb Code    24  lv_obj.o(.text)
    lv_obj_get_opa_scale                     0x080084c7   Thumb Code    40  lv_obj.o(.text)
    lv_obj_get_group                         0x080084ef   Thumb Code     6  lv_obj.o(.text)
    lv_obj_get_style                         0x080084f5   Thumb Code   108  lv_obj.o(.text)
    lv_obj_set_design_cb                     0x0800863b   Thumb Code     4  lv_obj.o(.text)
    lv_obj_refresh_ext_draw_pad              0x0800863f   Thumb Code    26  lv_obj.o(.text)
    lv_obj_is_protected                      0x08008659   Thumb Code    18  lv_obj.o(.text)
    lv_obj_set_signal_cb                     0x080086c9   Thumb Code     4  lv_obj.o(.text)
    lv_obj_create                            0x080086cd   Thumb Code   740  lv_obj.o(.text)
    lv_event_send_func                       0x080089cb   Thumb Code   146  lv_obj.o(.text)
    lv_event_send                            0x08008a5d   Thumb Code    36  lv_obj.o(.text)
    lv_obj_del                               0x08008b69   Thumb Code   240  lv_obj.o(.text)
    lv_obj_del_async                         0x08008c65   Thumb Code    14  lv_obj.o(.text)
    lv_obj_get_child                         0x08008c73   Thumb Code    34  lv_obj.o(.text)
    lv_obj_clean                             0x08008c95   Thumb Code    40  lv_obj.o(.text)
    lv_obj_set_parent                        0x08008cbd   Thumb Code   104  lv_obj.o(.text)
    lv_obj_move_foreground                   0x08008d25   Thumb Code    62  lv_obj.o(.text)
    lv_obj_move_background                   0x08008d63   Thumb Code    62  lv_obj.o(.text)
    lv_obj_set_x                             0x08008da1   Thumb Code    26  lv_obj.o(.text)
    lv_obj_set_y                             0x08008dbb   Thumb Code    26  lv_obj.o(.text)
    lv_obj_get_height                        0x08008dd5   Thumb Code    16  lv_obj.o(.text)
    lv_obj_get_width                         0x08008de5   Thumb Code    16  lv_obj.o(.text)
    lv_obj_align                             0x08008df5   Thumb Code   952  lv_obj.o(.text)
    lv_obj_align_origo                       0x080091ad   Thumb Code   760  lv_obj.o(.text)
    lv_obj_realign                           0x080094a5   Thumb Code    62  lv_obj.o(.text)
    lv_obj_set_size                          0x080094e3   Thumb Code   158  lv_obj.o(.text)
    lv_obj_set_width                         0x08009581   Thumb Code    26  lv_obj.o(.text)
    lv_obj_set_height                        0x0800959b   Thumb Code    26  lv_obj.o(.text)
    lv_obj_set_auto_realign                  0x080095b5   Thumb Code    14  lv_obj.o(.text)
    lv_obj_set_ext_click_area                0x080095c3   Thumb Code     6  lv_obj.o(.text)
    lv_obj_refresh_style                     0x080095c9   Thumb Code    28  lv_obj.o(.text)
    lv_obj_set_style                         0x08009627   Thumb Code    22  lv_obj.o(.text)
    lv_obj_report_style_mod                  0x08009679   Thumb Code    80  lv_obj.o(.text)
    lv_obj_set_hidden                        0x080096c9   Thumb Code    68  lv_obj.o(.text)
    lv_obj_set_click                         0x0800970d   Thumb Code    18  lv_obj.o(.text)
    lv_obj_set_top                           0x0800971f   Thumb Code    18  lv_obj.o(.text)
    lv_obj_set_drag                          0x08009731   Thumb Code    34  lv_obj.o(.text)
    lv_obj_set_drag_dir                      0x08009753   Thumb Code    36  lv_obj.o(.text)
    lv_obj_set_drag_throw                    0x08009777   Thumb Code    18  lv_obj.o(.text)
    lv_obj_set_drag_parent                   0x08009789   Thumb Code    18  lv_obj.o(.text)
    lv_obj_set_parent_event                  0x0800979b   Thumb Code    18  lv_obj.o(.text)
    lv_obj_set_opa_scale_enable              0x080097ad   Thumb Code    14  lv_obj.o(.text)
    lv_obj_set_opa_scale                     0x080097bb   Thumb Code    18  lv_obj.o(.text)
    lv_obj_set_protect                       0x080097cd   Thumb Code    12  lv_obj.o(.text)
    lv_obj_clear_protect                     0x080097d9   Thumb Code    16  lv_obj.o(.text)
    lv_obj_set_event_cb                      0x080097e9   Thumb Code     4  lv_obj.o(.text)
    lv_event_get_data                        0x080097ed   Thumb Code     6  lv_obj.o(.text)
    lv_signal_send                           0x080097f3   Thumb Code    24  lv_obj.o(.text)
    lv_obj_allocate_ext_attr                 0x0800980b   Thumb Code    20  lv_obj.o(.text)
    lv_obj_get_child_back                    0x0800981f   Thumb Code    34  lv_obj.o(.text)
    lv_obj_count_children                    0x08009841   Thumb Code    38  lv_obj.o(.text)
    lv_obj_count_children_recursive          0x08009867   Thumb Code    48  lv_obj.o(.text)
    lv_obj_get_inner_coords                  0x08009897   Thumb Code    88  lv_obj.o(.text)
    lv_obj_get_width_fit                     0x080098ef   Thumb Code    32  lv_obj.o(.text)
    lv_obj_get_height_fit                    0x0800990f   Thumb Code    30  lv_obj.o(.text)
    lv_obj_get_auto_realign                  0x0800992d   Thumb Code    12  lv_obj.o(.text)
    lv_obj_get_ext_click_pad_left            0x08009939   Thumb Code     6  lv_obj.o(.text)
    lv_obj_get_ext_click_pad_right           0x0800993f   Thumb Code     6  lv_obj.o(.text)
    lv_obj_get_ext_click_pad_top             0x08009945   Thumb Code     6  lv_obj.o(.text)
    lv_obj_get_ext_click_pad_bottom          0x0800994b   Thumb Code     6  lv_obj.o(.text)
    lv_obj_get_ext_draw_pad                  0x08009951   Thumb Code     8  lv_obj.o(.text)
    lv_obj_get_click                         0x08009959   Thumb Code    12  lv_obj.o(.text)
    lv_obj_get_top                           0x08009965   Thumb Code    12  lv_obj.o(.text)
    lv_obj_get_drag                          0x08009971   Thumb Code    12  lv_obj.o(.text)
    lv_obj_get_drag_dir                      0x0800997d   Thumb Code    12  lv_obj.o(.text)
    lv_obj_get_drag_throw                    0x08009989   Thumb Code    12  lv_obj.o(.text)
    lv_obj_get_drag_parent                   0x08009995   Thumb Code    12  lv_obj.o(.text)
    lv_obj_get_parent_event                  0x080099a1   Thumb Code    10  lv_obj.o(.text)
    lv_obj_get_opa_scale_enable              0x080099ab   Thumb Code    12  lv_obj.o(.text)
    lv_obj_get_protect                       0x080099b7   Thumb Code     8  lv_obj.o(.text)
    lv_obj_get_signal_cb                     0x080099bf   Thumb Code     6  lv_obj.o(.text)
    lv_obj_get_design_cb                     0x080099c5   Thumb Code     6  lv_obj.o(.text)
    lv_obj_get_event_cb                      0x080099cb   Thumb Code     6  lv_obj.o(.text)
    lv_obj_get_ext_attr                      0x080099d1   Thumb Code     6  lv_obj.o(.text)
    lv_obj_get_type                          0x080099d7   Thumb Code    88  lv_obj.o(.text)
    lv_obj_is_focused                        0x08009a2f   Thumb Code    26  lv_obj.o(.text)
    lv_refr_init                             0x08009a59   Thumb Code     2  lv_refr.o(.text)
    lv_refr_get_disp_refreshing              0x08009a5b   Thumb Code     6  lv_refr.o(.text)
    lv_disp_refr_task                        0x08009fb1   Thumb Code   344  lv_refr.o(.text)
    lv_refr_now                              0x0800a109   Thumb Code    46  lv_refr.o(.text)
    lv_inv_area                              0x0800a137   Thumb Code   222  lv_refr.o(.text)
    lv_refr_set_disp_refreshing              0x0800a215   Thumb Code     6  lv_refr.o(.text)
    lv_style_copy                            0x0800a2f5   Thumb Code    18  lv_style.o(.text)
    lv_style_init                            0x0800a307   Thumb Code  1352  lv_style.o(.text)
    lv_style_mix                             0x0800a84f   Thumb Code   954  lv_style.o(.text)
    lv_style_anim_init                       0x0800ac49   Thumb Code    80  lv_style.o(.text)
    lv_style_anim_set_styles                 0x0800ac99   Thumb Code    52  lv_style.o(.text)
    lv_draw_get_buf                          0x0800acdd   Thumb Code    84  lv_draw.o(.text)
    lv_draw_free_buf                         0x0800ad31   Thumb Code    28  lv_draw.o(.text)
    lv_draw_aa_get_opa                       0x0800ad4d   Thumb Code    48  lv_draw.o(.text)
    lv_draw_aa_ver_seg                       0x0800ad7d   Thumb Code    92  lv_draw.o(.text)
    lv_draw_aa_hor_seg                       0x0800add9   Thumb Code    92  lv_draw.o(.text)
    lv_draw_px                               0x0800aebd   Thumb Code   214  lv_draw_basic.o(.text)
    lv_draw_fill                             0x0800b0db   Thumb Code   156  lv_draw_basic.o(.text)
    lv_draw_letter                           0x0800b177   Thumb Code   846  lv_draw_basic.o(.text)
    lv_draw_map                              0x0800b515   Thumb Code   796  lv_draw_basic.o(.text)
    lv_img_color_format_has_alpha            0x0800b841   Thumb Code    56  lv_draw_img.o(.text)
    lv_img_color_format_is_chroma_keyed      0x0800b879   Thumb Code    44  lv_draw_img.o(.text)
    lv_draw_img                              0x0800ba25   Thumb Code   140  lv_draw_img.o(.text)
    lv_img_color_format_get_px_size          0x0800bab1   Thumb Code    76  lv_draw_img.o(.text)
    lv_img_buf_get_px_color                  0x0800bafd   Thumb Code   426  lv_draw_img.o(.text)
    lv_img_buf_get_px_alpha                  0x0800bca7   Thumb Code   362  lv_draw_img.o(.text)
    lv_img_buf_set_px_color                  0x0800be11   Thumb Code   378  lv_draw_img.o(.text)
    lv_img_buf_set_px_alpha                  0x0800bf8b   Thumb Code   320  lv_draw_img.o(.text)
    lv_img_buf_set_palette                   0x0800c0cb   Thumb Code   146  lv_draw_img.o(.text)
    lv_img_src_get_type                      0x0800c15d   Thumb Code    42  lv_draw_img.o(.text)
    lv_draw_label                            0x0800c1e5   Thumb Code  1238  lv_draw_label.o(.text)
    lv_draw_rect                             0x0800f34d   Thumb Code   144  lv_draw_rect.o(.text)
    lv_img_cache_open                        0x0800f405   Thumb Code   290  lv_img_cache.o(.text)
    lv_img_cache_invalidate_src              0x0800f527   Thumb Code    94  lv_img_cache.o(.text)
    lv_img_cache_set_size                    0x0800f585   Thumb Code   122  lv_img_cache.o(.text)
    lv_img_decoder_built_in_close            0x0800f60d   Thumb Code    32  lv_img_decoder.o(.text)
    lv_img_decoder_set_close_cb              0x0800f62d   Thumb Code     4  lv_img_decoder.o(.text)
    lv_img_decoder_built_in_read_line        0x0800f947   Thumb Code   200  lv_img_decoder.o(.text)
    lv_img_decoder_set_read_line_cb          0x0800fa0f   Thumb Code     4  lv_img_decoder.o(.text)
    lv_img_decoder_built_in_open             0x0800fa13   Thumb Code   294  lv_img_decoder.o(.text)
    lv_img_decoder_set_open_cb               0x0800fb39   Thumb Code     4  lv_img_decoder.o(.text)
    lv_img_decoder_built_in_info             0x0800fb3d   Thumb Code   148  lv_img_decoder.o(.text)
    lv_img_decoder_set_info_cb               0x0800fbd1   Thumb Code     4  lv_img_decoder.o(.text)
    lv_img_decoder_create                    0x0800fbd5   Thumb Code    36  lv_img_decoder.o(.text)
    lv_img_decoder_init                      0x0800fbf9   Thumb Code    70  lv_img_decoder.o(.text)
    lv_img_decoder_get_info                  0x0800fc3f   Thumb Code    74  lv_img_decoder.o(.text)
    lv_img_decoder_open                      0x0800fc89   Thumb Code   128  lv_img_decoder.o(.text)
    lv_img_decoder_read_line                 0x0800fd09   Thumb Code    52  lv_img_decoder.o(.text)
    lv_img_decoder_close                     0x0800fd3d   Thumb Code    24  lv_img_decoder.o(.text)
    lv_img_decoder_delete                    0x0800fd55   Thumb Code    20  lv_img_decoder.o(.text)
    lv_font_get_glyph_bitmap                 0x0800fd6d   Thumb Code    16  lv_font.o(.text)
    lv_font_get_glyph_dsc                    0x0800fd7d   Thumb Code    30  lv_font.o(.text)
    lv_font_get_glyph_width                  0x0800fd9b   Thumb Code    38  lv_font.o(.text)
    lv_font_get_bitmap_fmt_txt               0x0800ff61   Thumb Code    52  lv_font_fmt_txt.o(.text)
    lv_font_get_glyph_dsc_fmt_txt            0x080100a3   Thumb Code   132  lv_font_fmt_txt.o(.text)
    lv_disp_drv_init                         0x08010135   Thumb Code    68  lv_hal_disp.o(.text)
    lv_disp_buf_init                         0x08010179   Thumb Code    34  lv_hal_disp.o(.text)
    lv_disp_drv_register                     0x0801019b   Thumb Code   184  lv_hal_disp.o(.text)
    lv_disp_get_default                      0x08010253   Thumb Code     6  lv_hal_disp.o(.text)
    lv_disp_get_ver_res                      0x08010259   Thumb Code    40  lv_hal_disp.o(.text)
    lv_disp_get_hor_res                      0x08010281   Thumb Code    40  lv_hal_disp.o(.text)
    lv_disp_drv_update                       0x080102a9   Thumb Code    76  lv_hal_disp.o(.text)
    lv_disp_set_default                      0x080102f5   Thumb Code     6  lv_hal_disp.o(.text)
    lv_disp_remove                           0x080102fb   Thumb Code    82  lv_hal_disp.o(.text)
    lv_disp_get_antialiasing                 0x0801034d   Thumb Code    26  lv_hal_disp.o(.text)
    lv_disp_flush_ready                      0x08010367   Thumb Code    14  lv_hal_disp.o(.text)
    lv_disp_get_next                         0x08010375   Thumb Code    24  lv_hal_disp.o(.text)
    lv_disp_get_buf                          0x0801038d   Thumb Code     6  lv_hal_disp.o(.text)
    lv_disp_get_inv_buf_size                 0x08010393   Thumb Code    12  lv_hal_disp.o(.text)
    lv_disp_pop_from_inv_buf                 0x0801039f   Thumb Code    36  lv_hal_disp.o(.text)
    lv_disp_is_double_buf                    0x080103c3   Thumb Code    22  lv_hal_disp.o(.text)
    lv_disp_is_true_double_buf               0x080103d9   Thumb Code    40  lv_hal_disp.o(.text)
    lv_indev_drv_init                        0x08010415   Thumb Code    36  lv_hal_indev.o(.text)
    lv_indev_drv_register                    0x08010439   Thumb Code   100  lv_hal_indev.o(.text)
    lv_indev_drv_update                      0x0801049d   Thumb Code    18  lv_hal_indev.o(.text)
    lv_indev_get_next                        0x080104af   Thumb Code    24  lv_hal_indev.o(.text)
    lv_indev_read                            0x080104c7   Thumb Code    62  lv_hal_indev.o(.text)
    lv_tick_inc                              0x0801050d   Thumb Code    18  lv_hal_tick.o(.text)
    lv_tick_get                              0x0801051f   Thumb Code    22  lv_hal_tick.o(.text)
    lv_tick_elaps                            0x08010535   Thumb Code    26  lv_hal_tick.o(.text)
    lv_anim_core_init                        0x080106c7   Thumb Code    32  lv_anim.o(.text)
    lv_anim_path_linear                      0x080106e7   Thumb Code    52  lv_anim.o(.text)
    lv_anim_init                             0x0801071b   Thumb Code    34  lv_anim.o(.text)
    lv_anim_del                              0x0801073d   Thumb Code    80  lv_anim.o(.text)
    lv_anim_create                           0x0801078d   Thumb Code    80  lv_anim.o(.text)
    lv_anim_count_running                    0x080107dd   Thumb Code    40  lv_anim.o(.text)
    lv_anim_speed_to_time                    0x08010805   Thumb Code    48  lv_anim.o(.text)
    lv_anim_path_ease_in                     0x08010835   Thumb Code    72  lv_anim.o(.text)
    lv_anim_path_ease_out                    0x0801087d   Thumb Code    72  lv_anim.o(.text)
    lv_anim_path_ease_in_out                 0x080108c5   Thumb Code    74  lv_anim.o(.text)
    lv_anim_path_overshoot                   0x0801090f   Thumb Code    76  lv_anim.o(.text)
    lv_anim_path_bounce                      0x0801095b   Thumb Code   256  lv_anim.o(.text)
    lv_anim_path_step                        0x08010a5b   Thumb Code    24  lv_anim.o(.text)
    lv_area_set                              0x08010a73   Thumb Code    14  lv_area.o(.text)
    lv_area_set_width                        0x08010a81   Thumb Code    12  lv_area.o(.text)
    lv_area_set_height                       0x08010a8d   Thumb Code    12  lv_area.o(.text)
    lv_area_set_pos                          0x08010a99   Thumb Code    58  lv_area.o(.text)
    lv_area_get_size                         0x08010ad3   Thumb Code    34  lv_area.o(.text)
    lv_area_intersect                        0x08010af5   Thumb Code   130  lv_area.o(.text)
    lv_area_join                             0x08010b77   Thumb Code   100  lv_area.o(.text)
    lv_area_is_point_on                      0x08010bdb   Thumb Code    58  lv_area.o(.text)
    lv_area_is_on                            0x08010c15   Thumb Code    58  lv_area.o(.text)
    lv_area_is_in                            0x08010c4f   Thumb Code    58  lv_area.o(.text)
    lv_async_call                            0x08010c9d   Thumb Code    66  lv_async.o(.text)
    lv_circ_init                             0x08010ce5   Thumb Code    16  lv_circ.o(.text)
    lv_circ_cont                             0x08010cf5   Thumb Code    22  lv_circ.o(.text)
    lv_circ_next                             0x08010d0b   Thumb Code    60  lv_circ.o(.text)
    lv_ll_init                               0x08010d47   Thumb Code    22  lv_ll.o(.text)
    lv_ll_ins_head                           0x08010db9   Thumb Code    64  lv_ll.o(.text)
    lv_ll_get_prev                           0x08010df9   Thumb Code    20  lv_ll.o(.text)
    lv_ll_get_head                           0x08010e0d   Thumb Code    10  lv_ll.o(.text)
    lv_ll_ins_prev                           0x08010e17   Thumb Code   114  lv_ll.o(.text)
    lv_ll_ins_tail                           0x08010e89   Thumb Code    70  lv_ll.o(.text)
    lv_ll_get_next                           0x08010ecf   Thumb Code    22  lv_ll.o(.text)
    lv_ll_get_tail                           0x08010ee5   Thumb Code    10  lv_ll.o(.text)
    lv_ll_rem                                0x08010eef   Thumb Code   138  lv_ll.o(.text)
    lv_ll_clear                              0x08010f79   Thumb Code    48  lv_ll.o(.text)
    lv_ll_chg_list                           0x08010fa9   Thumb Code   112  lv_ll.o(.text)
    lv_ll_get_len                            0x08011019   Thumb Code    36  lv_ll.o(.text)
    lv_ll_swap                               0x0801103d   Thumb Code     2  lv_ll.o(.text)
    lv_ll_move_before                        0x0801103f   Thumb Code   106  lv_ll.o(.text)
    lv_ll_is_empty                           0x080110a9   Thumb Code    24  lv_ll.o(.text)
    lv_trigo_sin                             0x080110c1   Thumb Code   106  lv_math.o(.text)
    lv_bezier3                               0x0801112b   Thumb Code    94  lv_math.o(.text)
    lv_mem_init                              0x0801118d   Thumb Code    32  lv_mem.o(.text)
    lv_mem_alloc                             0x08011253   Thumb Code    70  lv_mem.o(.text)
    lv_mem_get_size                          0x08011299   Thumb Code    26  lv_mem.o(.text)
    lv_mem_free                              0x080112b3   Thumb Code   110  lv_mem.o(.text)
    lv_mem_realloc                           0x08011321   Thumb Code   108  lv_mem.o(.text)
    lv_mem_defrag                            0x0801138d   Thumb Code   110  lv_mem.o(.text)
    lv_mem_monitor                           0x080113fb   Thumb Code   132  lv_mem.o(.text)
    lv_task_enable                           0x0801148d   Thumb Code     6  lv_task.o(.text)
    lv_task_core_init                        0x08011493   Thumb Code    18  lv_task.o(.text)
    lv_task_del                              0x080114a5   Thumb Code    34  lv_task.o(.text)
    lv_task_handler                          0x0801150f   Thumb Code   330  lv_task.o(.text)
    lv_task_create_basic                     0x08011659   Thumb Code   156  lv_task.o(.text)
    lv_task_set_prio                         0x080116f5   Thumb Code    94  lv_task.o(.text)
    lv_task_set_period                       0x08011753   Thumb Code     4  lv_task.o(.text)
    lv_task_set_cb                           0x08011757   Thumb Code     4  lv_task.o(.text)
    lv_task_create                           0x0801175b   Thumb Code    62  lv_task.o(.text)
    lv_task_ready                            0x08011799   Thumb Code    18  lv_task.o(.text)
    lv_task_once                             0x080117ab   Thumb Code    12  lv_task.o(.text)
    lv_task_reset                            0x080117b7   Thumb Code    12  lv_task.o(.text)
    lv_task_get_idle                         0x080117c3   Thumb Code     6  lv_task.o(.text)
    lv_txt_is_cmd                            0x080117f1   Thumb Code    66  lv_txt.o(.text)
    lv_txt_get_width                         0x08011833   Thumb Code   140  lv_txt.o(.text)
    lv_txt_get_next_line                     0x080118bf   Thumb Code   272  lv_txt.o(.text)
    lv_txt_get_size                          0x080119cf   Thumb Code   204  lv_txt.o(.text)
    lv_txt_ins                               0x08011a9b   Thumb Code    74  lv_txt.o(.text)
    lv_txt_cut                               0x08011ae5   Thumb Code    66  lv_txt.o(.text)
    lv_utils_num_to_str                      0x08011e75   Thumb Code   128  lv_utils.o(.text)
    lv_utils_bsearch                         0x08011ef5   Thumb Code    84  lv_utils.o(.text)
    lv_bar_set_value                         0x08011f81   Thumb Code   204  lv_bar.o(.text)
    lv_bar_set_style                         0x0801204d   Thumb Code    52  lv_bar.o(.text)
    lv_bar_get_style                         0x08012081   Thumb Code    52  lv_bar.o(.text)
    lv_bar_create                            0x08012459   Thumb Code   264  lv_bar.o(.text)
    lv_bar_set_range                         0x08012561   Thumb Code    96  lv_bar.o(.text)
    lv_bar_set_sym                           0x080125c1   Thumb Code    18  lv_bar.o(.text)
    lv_bar_set_anim_time                     0x080125d3   Thumb Code    20  lv_bar.o(.text)
    lv_bar_get_value                         0x080125e7   Thumb Code    32  lv_bar.o(.text)
    lv_bar_get_min_value                     0x08012607   Thumb Code    18  lv_bar.o(.text)
    lv_bar_get_max_value                     0x08012619   Thumb Code    18  lv_bar.o(.text)
    lv_bar_get_sym                           0x0801262b   Thumb Code    20  lv_bar.o(.text)
    lv_bar_get_anim_time                     0x0801263f   Thumb Code    18  lv_bar.o(.text)
    lv_label_get_text                        0x080126fd   Thumb Code    16  lv_label.o(.text)
    lv_label_get_letter_on                   0x0801270d   Thumb Code   394  lv_label.o(.text)
    lv_label_set_static_text                 0x08012cb9   Thumb Code    58  lv_label.o(.text)
    lv_label_set_text                        0x08012cf3   Thumb Code   152  lv_label.o(.text)
    lv_label_get_align                       0x08012d8b   Thumb Code    20  lv_label.o(.text)
    lv_label_set_align                       0x08012d9f   Thumb Code    44  lv_label.o(.text)
    lv_label_get_body_draw                   0x08012dcb   Thumb Code    20  lv_label.o(.text)
    lv_label_set_body_draw                   0x08012ddf   Thumb Code    50  lv_label.o(.text)
    lv_label_get_recolor                     0x08012e11   Thumb Code    20  lv_label.o(.text)
    lv_label_set_recolor                     0x08012e25   Thumb Code    44  lv_label.o(.text)
    lv_label_get_long_mode                   0x08012e51   Thumb Code    20  lv_label.o(.text)
    lv_label_set_long_mode                   0x08012ef5   Thumb Code   128  lv_label.o(.text)
    lv_label_get_text_sel_end                0x080130cd   Thumb Code     8  lv_label.o(.text)
    lv_label_get_text_sel_start              0x080130d5   Thumb Code     8  lv_label.o(.text)
    lv_label_create                          0x0801333d   Thumb Code   480  lv_label.o(.text)
    lv_label_set_array_text                  0x0801351d   Thumb Code   120  lv_label.o(.text)
    lv_label_set_anim_speed                  0x08013595   Thumb Code    54  lv_label.o(.text)
    lv_label_set_text_sel_start              0x080135cb   Thumb Code     2  lv_label.o(.text)
    lv_label_set_text_sel_end                0x080135cd   Thumb Code     2  lv_label.o(.text)
    lv_label_get_anim_speed                  0x080135cf   Thumb Code    16  lv_label.o(.text)
    lv_label_get_letter_pos                  0x080135df   Thumb Code   408  lv_label.o(.text)
    lv_label_is_char_under_pos               0x08013777   Thumb Code   448  lv_label.o(.text)
    lv_label_ins_text                        0x08013937   Thumb Code   120  lv_label.o(.text)
    lv_label_cut_text                        0x080139af   Thumb Code    64  lv_label.o(.text)
    lv_slider_set_style                      0x08013a1d   Thumb Code    70  lv_slider.o(.text)
    lv_slider_get_value                      0x08013a63   Thumb Code    36  lv_slider.o(.text)
    lv_slider_get_style                      0x08013a87   Thumb Code    70  lv_slider.o(.text)
    lv_slider_create                         0x0801435f   Thumb Code   254  lv_slider.o(.text)
    lv_slider_set_knob_in                    0x0801445d   Thumb Code    38  lv_slider.o(.text)
    lv_slider_is_dragged                     0x08014483   Thumb Code    30  lv_slider.o(.text)
    lv_slider_get_knob_in                    0x080144a1   Thumb Code    20  lv_slider.o(.text)
    lv_sw_set_style                          0x080144f1   Thumb Code   108  lv_sw.o(.text)
    lv_sw_off                                0x0801455d   Thumb Code    36  lv_sw.o(.text)
    lv_sw_on                                 0x08014581   Thumb Code    36  lv_sw.o(.text)
    lv_sw_create                             0x0801482b   Thumb Code   258  lv_sw.o(.text)
    lv_sw_toggle                             0x0801492d   Thumb Code    40  lv_sw.o(.text)
    lv_sw_set_anim_time                      0x08014955   Thumb Code    18  lv_sw.o(.text)
    lv_sw_get_style                          0x08014967   Thumb Code    94  lv_sw.o(.text)
    lv_sw_get_anim_time                      0x080149c5   Thumb Code    16  lv_sw.o(.text)
    lv_theme_set_current                     0x08014a01   Thumb Code   124  lv_theme.o(.text)
    lv_theme_get_current                     0x08014a7d   Thumb Code    14  lv_theme.o(.text)
    lv_port_disp_init                        0x08014ac5   Thumb Code    66  lv_port_disp.o(.text)
    lv_port_indev_init                       0x08014b65   Thumb Code    30  lv_port_indev.o(.text)
    lv_sw_test_start                         0x08014bbb   Thumb Code   388  lv_sw_test.o(.text)
    __aeabi_memcpy                           0x08014da1   Thumb Code    36  memcpya.o(.text)
    __aeabi_memcpy4                          0x08014da1   Thumb Code     0  memcpya.o(.text)
    __aeabi_memcpy8                          0x08014da1   Thumb Code     0  memcpya.o(.text)
    __aeabi_memset                           0x08014dc5   Thumb Code    14  memseta.o(.text)
    __aeabi_memset4                          0x08014dc5   Thumb Code     0  memseta.o(.text)
    __aeabi_memset8                          0x08014dc5   Thumb Code     0  memseta.o(.text)
    __aeabi_memclr                           0x08014dd3   Thumb Code     4  memseta.o(.text)
    __aeabi_memclr4                          0x08014dd3   Thumb Code     0  memseta.o(.text)
    __aeabi_memclr8                          0x08014dd3   Thumb Code     0  memseta.o(.text)
    _memset$wrapper                          0x08014dd7   Thumb Code    18  memseta.o(.text)
    strlen                                   0x08014de9   Thumb Code    14  strlen.o(.text)
    strcpy                                   0x08014df7   Thumb Code    18  strcpy.o(.text)
    __aeabi_fadd                             0x08014e09   Thumb Code   164  fadd.o(.text)
    __aeabi_fsub                             0x08014ead   Thumb Code     6  fadd.o(.text)
    __aeabi_frsub                            0x08014eb3   Thumb Code     6  fadd.o(.text)
    __aeabi_fmul                             0x08014eb9   Thumb Code   100  fmul.o(.text)
    __aeabi_fdiv                             0x08014f1d   Thumb Code   124  fdiv.o(.text)
    __aeabi_dmul                             0x08014f99   Thumb Code   228  dmul.o(.text)
    __aeabi_i2f                              0x0801507d   Thumb Code    18  fflti.o(.text)
    __aeabi_ui2f                             0x0801508f   Thumb Code    10  ffltui.o(.text)
    __aeabi_ui2d                             0x08015099   Thumb Code    26  dfltui.o(.text)
    __aeabi_f2iz                             0x080150b3   Thumb Code    50  ffixi.o(.text)
    __aeabi_f2uiz                            0x080150e5   Thumb Code    40  ffixui.o(.text)
    __aeabi_d2uiz                            0x0801510d   Thumb Code    50  dfixui.o(.text)
    __aeabi_f2d                              0x0801513f   Thumb Code    38  f2d.o(.text)
    __aeabi_cdcmpeq                          0x08015165   Thumb Code     0  cdcmple.o(.text)
    __aeabi_cdcmple                          0x08015165   Thumb Code    48  cdcmple.o(.text)
    __aeabi_cdrcmple                         0x08015195   Thumb Code    48  cdrcmple.o(.text)
    __aeabi_uldivmod                         0x080151c5   Thumb Code    98  uldiv.o(.text)
    __aeabi_llsr                             0x08015227   Thumb Code    32  llushr.o(.text)
    _ll_ushift_r                             0x08015227   Thumb Code     0  llushr.o(.text)
    __I$use$fp                               0x08015247   Thumb Code     0  iusefp.o(.text)
    _float_round                             0x08015247   Thumb Code    18  fepilogue.o(.text)
    _float_epilogue                          0x08015259   Thumb Code    92  fepilogue.o(.text)
    _double_round                            0x080152b5   Thumb Code    30  depilogue.o(.text)
    _double_epilogue                         0x080152d3   Thumb Code   156  depilogue.o(.text)
    _dsqrt                                   0x0801536f   Thumb Code   162  dsqrt.o(.text)
    __scatterload                            0x08015411   Thumb Code    28  init.o(.text)
    __scatterload_rt2                        0x08015411   Thumb Code     0  init.o(.text)
    __aeabi_llsl                             0x08015435   Thumb Code    30  llshl.o(.text)
    _ll_shift_l                              0x08015435   Thumb Code     0  llshl.o(.text)
    __decompress                             0x08015453   Thumb Code     0  __dczerorl2.o(.text)
    __decompress1                            0x08015453   Thumb Code    86  __dczerorl2.o(.text)
    __0printf$5                              0x080154a9   Thumb Code    22  printf5.o(i.__0printf$5)
    __1printf$5                              0x080154a9   Thumb Code     0  printf5.o(i.__0printf$5)
    __2printf                                0x080154a9   Thumb Code     0  printf5.o(i.__0printf$5)
    __scatterload_copy                       0x080154c9   Thumb Code    14  handlers.o(i.__scatterload_copy)
    __scatterload_null                       0x080154d7   Thumb Code     2  handlers.o(i.__scatterload_null)
    __scatterload_zeroinit                   0x080154d9   Thumb Code    14  handlers.o(i.__scatterload_zeroinit)
    __set_errno                              0x080154e9   Thumb Code     6  errno.o(i.__set_errno)
    sqrt                                     0x080157b5   Thumb Code    76  sqrt.o(i.sqrt)
    ascii_1206                               0x08015800   Data        1140  tftlcd.o(.constdata)
    ascii_1608                               0x08015c74   Data        1520  tftlcd.o(.constdata)
    ascii_2412                               0x08016264   Data        3420  tftlcd.o(.constdata)
    ascii_3216                               0x08016fc0   Data       12160  tftlcd.o(.constdata)
    CnChar32x29                              0x08019f40   Data         472  tftlcd.o(.constdata)
    TP_REMIND_MSG_TBL                        0x0801a118   Data           4  touch.o(.constdata)
    Region$$Table$$Base                      0x0801d0a0   Number         0  anon$$obj.o(Region$$Table)
    Region$$Table$$Limit                     0x0801d0c0   Number         0  anon$$obj.o(Region$$Table)
    SystemCoreClock                          0x20000000   Data           4  system_stm32f10x.o(.data)
    AHBPrescTable                            0x20000004   Data          16  system_stm32f10x.o(.data)
    pxCurrentTCB                             0x20000034   Data           4  tasks.o(.data)
    FRONT_COLOR                              0x20000094   Data           2  tftlcd.o(.data)
    BACK_COLOR                               0x20000096   Data           2  tftlcd.o(.data)
    tftlcd_data                              0x20000098   Data           8  tftlcd.o(.data)
    tp_dev                                   0x200000a0   Data          72  touch.o(.data)
    CMD_RDX                                  0x200000e8   Data           1  touch.o(.data)
    CMD_RDY                                  0x200000e9   Data           1  touch.o(.data)
    lv_font_roboto_16                        0x2000014c   Data          16  lv_font_roboto_16.o(.data)
    _lv_img_cache_array                      0x20000170   Data           4  lv_gc.o(.data)
    _lv_task_act                             0x20000174   Data           4  lv_gc.o(.data)
    _lv_draw_buf                             0x20000178   Data           4  lv_gc.o(.data)
    lv_txt_encoded_size                      0x20000198   Data           4  lv_txt.o(.data)
    lv_txt_unicode_to_encoded                0x2000019c   Data           4  lv_txt.o(.data)
    lv_txt_encoded_conv_wc                   0x200001a0   Data           4  lv_txt.o(.data)
    lv_txt_encoded_next                      0x200001a4   Data           4  lv_txt.o(.data)
    lv_txt_encoded_prev                      0x200001a8   Data           4  lv_txt.o(.data)
    lv_txt_encoded_get_byte_id               0x200001ac   Data           4  lv_txt.o(.data)
    lv_encoded_get_char_id                   0x200001b0   Data           4  lv_txt.o(.data)
    lv_txt_get_encoded_length                0x200001b4   Data           4  lv_txt.o(.data)
    sw1                                      0x200001d8   Data           4  lv_sw_test.o(.data)
    label1                                   0x200001dc   Data           4  lv_sw_test.o(.data)
    __stdout                                 0x200001e0   Data           4  stdout.o(.data)
    lv_style_scr                             0x200094cc   Data          60  lv_style.o(.bss)
    lv_style_transp                          0x20009508   Data          60  lv_style.o(.bss)
    lv_style_transp_fit                      0x20009544   Data          60  lv_style.o(.bss)
    lv_style_transp_tight                    0x20009580   Data          60  lv_style.o(.bss)
    lv_style_plain                           0x200095bc   Data          60  lv_style.o(.bss)
    lv_style_plain_color                     0x200095f8   Data          60  lv_style.o(.bss)
    lv_style_pretty                          0x20009634   Data          60  lv_style.o(.bss)
    lv_style_pretty_color                    0x20009670   Data          60  lv_style.o(.bss)
    lv_style_btn_rel                         0x200096ac   Data          60  lv_style.o(.bss)
    lv_style_btn_pr                          0x200096e8   Data          60  lv_style.o(.bss)
    lv_style_btn_tgl_rel                     0x20009724   Data          60  lv_style.o(.bss)
    lv_style_btn_tgl_pr                      0x20009760   Data          60  lv_style.o(.bss)
    lv_style_btn_ina                         0x2000979c   Data          60  lv_style.o(.bss)
    _lv_task_ll                              0x200097d8   Data          12  lv_gc.o(.bss)
    _lv_disp_ll                              0x200097e4   Data          12  lv_gc.o(.bss)
    _lv_indev_ll                             0x200097f0   Data          12  lv_gc.o(.bss)
    _lv_drv_ll                               0x200097fc   Data          12  lv_gc.o(.bss)
    _lv_file_ll                              0x20009808   Data          12  lv_gc.o(.bss)
    _lv_anim_ll                              0x20009814   Data          12  lv_gc.o(.bss)
    _lv_group_ll                             0x20009820   Data          12  lv_gc.o(.bss)
    _lv_img_defoder_ll                       0x2000982c   Data          12  lv_gc.o(.bss)
    sw_bg_style                              0x2000b2dc   Data          60  lv_sw_test.o(.bss)
    sw_indic_style                           0x2000b318   Data          60  lv_sw_test.o(.bss)
    sw_knob_off_style                        0x2000b354   Data          60  lv_sw_test.o(.bss)
    sw_knob_on_style                         0x2000b390   Data          60  lv_sw_test.o(.bss)
    __initial_sp                             0x2000bbd0   Data           0  startup_stm32f10x_hd.o(STACK)



==============================================================================

Memory Map of the image

  Image Entry point : 0x08000131

  Load Region LR_IROM1 (Base: 0x08000000, Size: 0x0001d2a8, Max: 0x00080000, ABSOLUTE, COMPRESSED[0x0001d150])

    Execution Region ER_IROM1 (Exec base: 0x08000000, Load base: 0x08000000, Size: 0x0001d0c0, Max: 0x00080000, ABSOLUTE)

    Exec Addr    Load Addr    Size         Type   Attr      Idx    E Section Name        Object

    0x08000000   0x08000000   0x00000130   Data   RO            3    RESET               startup_stm32f10x_hd.o
    0x08000130   0x08000130   0x00000000   Code   RO         5487  * .ARM.Collect$$$$00000000  mc_w.l(entry.o)
    0x08000130   0x08000130   0x00000004   Code   RO         5789    .ARM.Collect$$$$00000001  mc_w.l(entry2.o)
    0x08000134   0x08000134   0x00000004   Code   RO         5792    .ARM.Collect$$$$00000004  mc_w.l(entry5.o)
    0x08000138   0x08000138   0x00000000   Code   RO         5794    .ARM.Collect$$$$00000008  mc_w.l(entry7b.o)
    0x08000138   0x08000138   0x00000000   Code   RO         5796    .ARM.Collect$$$$0000000A  mc_w.l(entry8b.o)
    0x08000138   0x08000138   0x00000008   Code   RO         5797    .ARM.Collect$$$$0000000B  mc_w.l(entry9a.o)
    0x08000140   0x08000140   0x00000000   Code   RO         5799    .ARM.Collect$$$$0000000D  mc_w.l(entry10a.o)
    0x08000140   0x08000140   0x00000000   Code   RO         5801    .ARM.Collect$$$$0000000F  mc_w.l(entry11a.o)
    0x08000140   0x08000140   0x00000004   Code   RO         5790    .ARM.Collect$$$$00002712  mc_w.l(entry2.o)
    0x08000144   0x08000144   0x00000096   Code   RO         1119    .emb_text           port.o
    0x080001da   0x080001da   0x00000002   PAD
    0x080001dc   0x080001dc   0x00000024   Code   RO            4    .text               startup_stm32f10x_hd.o
    0x08000200   0x08000200   0x000001e0   Code   RO           24    .text               system_stm32f10x.o
    0x080003e0   0x080003e0   0x000000dc   Code   RO          121    .text               misc.o
    0x080004bc   0x080004bc   0x0000060c   Code   RO          257    .text               stm32f10x_fsmc.o
    0x08000ac8   0x08000ac8   0x0000035c   Code   RO          269    .text               stm32f10x_gpio.o
    0x08000e24   0x08000e24   0x000003a4   Code   RO          317    .text               stm32f10x_rcc.o
    0x080011c8   0x080011c8   0x00000e1a   Code   RO          367    .text               stm32f10x_tim.o
    0x08001fe2   0x08001fe2   0x00000002   PAD
    0x08001fe4   0x08001fe4   0x00000408   Code   RO          379    .text               stm32f10x_usart.o
    0x080023ec   0x080023ec   0x000002b8   Code   RO          403    .text               main.o
    0x080026a4   0x080026a4   0x00000024   Code   RO          732    .text               stm32f10x_it.o
    0x080026c8   0x080026c8   0x00000050   Code   RO          747    .text               bsp_led.o
    0x08002718   0x08002718   0x000001a4   Code   RO          762    .text               bsp_usart.o
    0x080028bc   0x080028bc   0x000000a4   Code   RO          793    .text               time.o
    0x08002960   0x08002960   0x00000120   Code   RO          982    .text               sram.o
    0x08002a80   0x08002a80   0x00000094   Code   RO         1034    .text               list.o
    0x08002b14   0x08002b14   0x0000137c   Code   RO         1067    .text               tasks.o
    0x08003e90   0x08003e90   0x000002a0   Code   RO         1104    .text               heap_4.o
    0x08004130   0x08004130   0x00000268   Code   RO         1120    .text               port.o
    0x08004398   0x08004398   0x00000d00   Code   RO         1149    .text               tftlcd.o
    0x08005098   0x08005098   0x00000028   Code   RO         1180    .text               systick.o
    0x080050c0   0x080050c0   0x00000fc8   Code   RO         1240    .text               touch.o
    0x08006088   0x08006088   0x0000017a   Code   RO         1276    .text               24cxx.o
    0x08006202   0x08006202   0x00000002   PAD
    0x08006204   0x08006204   0x00000230   Code   RO         1288    .text               iic.o
    0x08006434   0x08006434   0x00000112   Code   RO         1300    .text               lv_disp.o
    0x08006546   0x08006546   0x00000002   PAD
    0x08006548   0x08006548   0x00000880   Code   RO         1380    .text               lv_group.o
    0x08006dc8   0x08006dc8   0x0000142c   Code   RO         1476    .text               lv_indev.o
    0x080081f4   0x080081f4   0x00001864   Code   RO         1518    .text               lv_obj.o
    0x08009a58   0x08009a58   0x000007f0   Code   RO         1600    .text               lv_refr.o
    0x0800a248   0x0800a248   0x00000a94   Code   RO         1627    .text               lv_style.o
    0x0800acdc   0x0800acdc   0x00000164   Code   RO         1658    .text               lv_draw.o
    0x0800ae40   0x0800ae40   0x000009fe   Code   RO         1770    .text               lv_draw_basic.o
    0x0800b83e   0x0800b83e   0x00000002   PAD
    0x0800b840   0x0800b840   0x00000954   Code   RO         1842    .text               lv_draw_img.o
    0x0800c194   0x0800c194   0x00000544   Code   RO         1870    .text               lv_draw_label.o
    0x0800c6d8   0x0800c6d8   0x00002d2a   Code   RO         1923    .text               lv_draw_rect.o
    0x0800f402   0x0800f402   0x00000002   PAD
    0x0800f404   0x0800f404   0x00000208   Code   RO         1973    .text               lv_img_cache.o
    0x0800f60c   0x0800f60c   0x00000760   Code   RO         2003    .text               lv_img_decoder.o
    0x0800fd6c   0x0800fd6c   0x00000054   Code   RO         2057    .text               lv_font.o
    0x0800fdc0   0x0800fdc0   0x00000374   Code   RO         2088    .text               lv_font_fmt_txt.o
    0x08010134   0x08010134   0x000002e0   Code   RO         2501    .text               lv_hal_disp.o
    0x08010414   0x08010414   0x000000f8   Code   RO         2588    .text               lv_hal_indev.o
    0x0801050c   0x0801050c   0x0000004c   Code   RO         2662    .text               lv_hal_tick.o
    0x08010558   0x08010558   0x0000051a   Code   RO         2682    .text               lv_anim.o
    0x08010a72   0x08010a72   0x00000216   Code   RO         2756    .text               lv_area.o
    0x08010c88   0x08010c88   0x0000005c   Code   RO         2771    .text               lv_async.o
    0x08010ce4   0x08010ce4   0x00000062   Code   RO         2789    .text               lv_circ.o
    0x08010d46   0x08010d46   0x0000037a   Code   RO         2857    .text               lv_ll.o
    0x080110c0   0x080110c0   0x000000cc   Code   RO         2875    .text               lv_math.o
    0x0801118c   0x0801118c   0x00000300   Code   RO         2889    .text               lv_mem.o
    0x0801148c   0x0801148c   0x00000364   Code   RO         2903    .text               lv_task.o
    0x080117f0   0x080117f0   0x00000684   Code   RO         2926    .text               lv_txt.o
    0x08011e74   0x08011e74   0x000000d4   Code   RO         2951    .text               lv_utils.o
    0x08011f48   0x08011f48   0x00000728   Code   RO         3106    .text               lv_bar.o
    0x08012670   0x08012670   0x000013ac   Code   RO         3607    .text               lv_label.o
    0x08013a1c   0x08013a1c   0x00000ad2   Code   RO         3969    .text               lv_slider.o
    0x080144ee   0x080144ee   0x00000002   PAD
    0x080144f0   0x080144f0   0x0000050e   Code   RO         4027    .text               lv_sw.o
    0x080149fe   0x080149fe   0x00000002   PAD
    0x08014a00   0x08014a00   0x0000009c   Code   RO         4257    .text               lv_theme.o
    0x08014a9c   0x08014a9c   0x0000007c   Code   RO         4574    .text               lv_port_disp.o
    0x08014b18   0x08014b18   0x0000007c   Code   RO         4833    .text               lv_port_indev.o
    0x08014b94   0x08014b94   0x0000020c   Code   RO         5456    .text               lv_sw_test.o
    0x08014da0   0x08014da0   0x00000024   Code   RO         5490    .text               mc_w.l(memcpya.o)
    0x08014dc4   0x08014dc4   0x00000024   Code   RO         5492    .text               mc_w.l(memseta.o)
    0x08014de8   0x08014de8   0x0000000e   Code   RO         5494    .text               mc_w.l(strlen.o)
    0x08014df6   0x08014df6   0x00000012   Code   RO         5498    .text               mc_w.l(strcpy.o)
    0x08014e08   0x08014e08   0x000000b0   Code   RO         5763    .text               mf_w.l(fadd.o)
    0x08014eb8   0x08014eb8   0x00000064   Code   RO         5765    .text               mf_w.l(fmul.o)
    0x08014f1c   0x08014f1c   0x0000007c   Code   RO         5767    .text               mf_w.l(fdiv.o)
    0x08014f98   0x08014f98   0x000000e4   Code   RO         5769    .text               mf_w.l(dmul.o)
    0x0801507c   0x0801507c   0x00000012   Code   RO         5771    .text               mf_w.l(fflti.o)
    0x0801508e   0x0801508e   0x0000000a   Code   RO         5773    .text               mf_w.l(ffltui.o)
    0x08015098   0x08015098   0x0000001a   Code   RO         5775    .text               mf_w.l(dfltui.o)
    0x080150b2   0x080150b2   0x00000032   Code   RO         5777    .text               mf_w.l(ffixi.o)
    0x080150e4   0x080150e4   0x00000028   Code   RO         5779    .text               mf_w.l(ffixui.o)
    0x0801510c   0x0801510c   0x00000032   Code   RO         5781    .text               mf_w.l(dfixui.o)
    0x0801513e   0x0801513e   0x00000026   Code   RO         5783    .text               mf_w.l(f2d.o)
    0x08015164   0x08015164   0x00000030   Code   RO         5785    .text               mf_w.l(cdcmple.o)
    0x08015194   0x08015194   0x00000030   Code   RO         5787    .text               mf_w.l(cdrcmple.o)
    0x080151c4   0x080151c4   0x00000062   Code   RO         5806    .text               mc_w.l(uldiv.o)
    0x08015226   0x08015226   0x00000020   Code   RO         5808    .text               mc_w.l(llushr.o)
    0x08015246   0x08015246   0x00000000   Code   RO         5817    .text               mc_w.l(iusefp.o)
    0x08015246   0x08015246   0x0000006e   Code   RO         5818    .text               mf_w.l(fepilogue.o)
    0x080152b4   0x080152b4   0x000000ba   Code   RO         5820    .text               mf_w.l(depilogue.o)
    0x0801536e   0x0801536e   0x000000a2   Code   RO         5826    .text               mf_w.l(dsqrt.o)
    0x08015410   0x08015410   0x00000024   Code   RO         5830    .text               mc_w.l(init.o)
    0x08015434   0x08015434   0x0000001e   Code   RO         5832    .text               mc_w.l(llshl.o)
    0x08015452   0x08015452   0x00000056   Code   RO         5844    .text               mc_w.l(__dczerorl2.o)
    0x080154a8   0x080154a8   0x00000020   Code   RO         5635    i.__0printf$5       mc_w.l(printf5.o)
    0x080154c8   0x080154c8   0x0000000e   Code   RO         5838    i.__scatterload_copy  mc_w.l(handlers.o)
    0x080154d6   0x080154d6   0x00000002   Code   RO         5839    i.__scatterload_null  mc_w.l(handlers.o)
    0x080154d8   0x080154d8   0x0000000e   Code   RO         5840    i.__scatterload_zeroinit  mc_w.l(handlers.o)
    0x080154e6   0x080154e6   0x00000002   PAD
    0x080154e8   0x080154e8   0x0000000c   Code   RO         5812    i.__set_errno       mc_w.l(errno.o)
    0x080154f4   0x080154f4   0x000002c0   Code   RO         5642    i._printf_core      mc_w.l(printf5.o)
    0x080157b4   0x080157b4   0x0000004c   Code   RO         5480    i.sqrt              m_ws.l(sqrt.o)
    0x08015800   0x08015800   0x00004918   Data   RO         1150    .constdata          tftlcd.o
    0x0801a118   0x0801a118   0x00000004   Data   RO         1241    .constdata          touch.o
    0x0801a11c   0x0801a11c   0x0000002e   Data   RO         1381    .constdata          lv_group.o
    0x0801a14a   0x0801a14a   0x00000002   PAD
    0x0801a14c   0x0801a14c   0x00000016   Data   RO         1629    .constdata          lv_style.o
    0x0801a162   0x0801a162   0x00000024   Data   RO         1659    .constdata          lv_draw.o
    0x0801a186   0x0801a186   0x00000011   Data   RO         1924    .constdata          lv_draw_rect.o
    0x0801a197   0x0801a197   0x00000001   PAD
    0x0801a198   0x0801a198   0x00002db8   Data   RO         2355    .constdata          lv_font_roboto_16.o
    0x0801cf50   0x0801cf50   0x00000002   Data   RO         2502    .constdata          lv_hal_disp.o
    0x0801cf52   0x0801cf52   0x000000b6   Data   RO         2876    .constdata          lv_math.o
    0x0801d008   0x0801d008   0x0000001a   Data   RO         5458    .constdata          lv_sw_test.o
    0x0801d022   0x0801d022   0x00000002   PAD
    0x0801d024   0x0801d024   0x00000079   Data   RO         1242    .conststring        touch.o
    0x0801d09d   0x0801d09d   0x00000003   PAD
    0x0801d0a0   0x0801d0a0   0x00000020   Data   RO         5836    Region$$Table       anon$$obj.o


    Execution Region RW_IRAM1 (Exec base: 0x20000000, Load base: 0x0801d0c0, Size: 0x0000bbd0, Max: 0x00010000, ABSOLUTE, COMPRESSED[0x00000090])

    Exec Addr    Load Addr    Size         Type   Attr      Idx    E Section Name        Object

    0x20000000   COMPRESSED   0x00000014   Data   RW           25    .data               system_stm32f10x.o
    0x20000014   COMPRESSED   0x00000014   Data   RW          318    .data               stm32f10x_rcc.o
    0x20000028   COMPRESSED   0x0000000c   Data   RW          404    .data               main.o
    0x20000034   COMPRESSED   0x0000003c   Data   RW         1069    .data               tasks.o
    0x20000070   COMPRESSED   0x00000018   Data   RW         1106    .data               heap_4.o
    0x20000088   COMPRESSED   0x0000000c   Data   RW         1121    .data               port.o
    0x20000094   COMPRESSED   0x0000000c   Data   RW         1151    .data               tftlcd.o
    0x200000a0   COMPRESSED   0x0000004a   Data   RW         1243    .data               touch.o
    0x200000ea   COMPRESSED   0x00000002   PAD
    0x200000ec   COMPRESSED   0x00000008   Data   RW         1477    .data               lv_indev.o
    0x200000f4   COMPRESSED   0x0000000c   Data   RW         1519    .data               lv_obj.o
    0x20000100   COMPRESSED   0x00000008   Data   RW         1601    .data               lv_refr.o
    0x20000108   COMPRESSED   0x00000024   Data   RW         1660    .data               lv_draw.o
    0x2000012c   COMPRESSED   0x00000002   Data   RW         1974    .data               lv_img_cache.o
    0x2000012e   COMPRESSED   0x00000002   PAD
    0x20000130   COMPRESSED   0x0000002c   Data   RW         2356    .data               lv_font_roboto_16.o
    0x2000015c   COMPRESSED   0x00000004   Data   RW         2503    .data               lv_hal_disp.o
    0x20000160   COMPRESSED   0x00000005   Data   RW         2663    .data               lv_hal_tick.o
    0x20000165   COMPRESSED   0x00000003   PAD
    0x20000168   COMPRESSED   0x00000005   Data   RW         2683    .data               lv_anim.o
    0x2000016d   COMPRESSED   0x00000003   PAD
    0x20000170   COMPRESSED   0x0000000c   Data   RW         2832    .data               lv_gc.o
    0x2000017c   COMPRESSED   0x00000008   Data   RW         2890    .data               lv_mem.o
    0x20000184   COMPRESSED   0x00000014   Data   RW         2904    .data               lv_task.o
    0x20000198   COMPRESSED   0x00000020   Data   RW         2927    .data               lv_txt.o
    0x200001b8   COMPRESSED   0x00000008   Data   RW         3107    .data               lv_bar.o
    0x200001c0   COMPRESSED   0x00000004   Data   RW         3608    .data               lv_label.o
    0x200001c4   COMPRESSED   0x00000008   Data   RW         3970    .data               lv_slider.o
    0x200001cc   COMPRESSED   0x00000004   Data   RW         4028    .data               lv_sw.o
    0x200001d0   COMPRESSED   0x00000001   Data   RW         4259    .data               lv_theme.o
    0x200001d1   COMPRESSED   0x00000001   PAD
    0x200001d2   COMPRESSED   0x00000004   Data   RW         4834    .data               lv_port_indev.o
    0x200001d6   COMPRESSED   0x00000002   PAD
    0x200001d8   COMPRESSED   0x00000008   Data   RW         5459    .data               lv_sw_test.o
    0x200001e0   COMPRESSED   0x00000004   Data   RW         5803    .data               mc_w.l(stdout.o)
    0x200001e4   COMPRESSED   0x00000004   Data   RW         5813    .data               mc_w.l(errno.o)
    0x200001e8        -       0x000002e4   Zero   RW         1068    .bss                tasks.o
    0x200004cc        -       0x00009000   Zero   RW         1105    .bss                heap_4.o
    0x200094cc        -       0x0000030c   Zero   RW         1628    .bss                lv_style.o
    0x200097d8        -       0x00000060   Zero   RW         2831    .bss                lv_gc.o
    0x20009838        -       0x00001a88   Zero   RW         4258    .bss                lv_theme.o
    0x2000b2c0        -       0x0000001c   Zero   RW         4576    .bss                lv_port_disp.o
    0x2000b2dc        -       0x000000f0   Zero   RW         5457    .bss                lv_sw_test.o
    0x2000b3cc   COMPRESSED   0x00000004   PAD
    0x2000b3d0        -       0x00000800   Zero   RW            1    STACK               startup_stm32f10x_hd.o



  Load Region LR$$.ARM.__AT_0x68000000 (Base: 0x68000000, Size: 0x00000000, Max: 0x00025800, ABSOLUTE)

    Execution Region ER$$.ARM.__AT_0x68000000 (Exec base: 0x68000000, Load base: 0x68000000, Size: 0x00025800, Max: 0x00025800, ABSOLUTE, UNINIT)

    Exec Addr    Load Addr    Size         Type   Attr      Idx    E Section Name        Object

    0x68000000        -       0x00025800   Zero   RW         4575    .ARM.__AT_0x68000000  lv_port_disp.o


==============================================================================

Image component sizes


      Code (inc. data)   RO Data    RW Data    ZI Data      Debug   Object Name

       378          0          0          0          0       2870   24cxx.o
        80          8          0          0          0        550   bsp_led.o
       420          8          0          0          0       3914   bsp_usart.o
         0          0          0          0          0       4508   core_cm3.o
         0          0          0          0          0       1472   event_groups.o
       672         82          0         24      36864       3376   heap_4.o
       560         12          0          0          0       2183   iic.o
       148          0          0          0          0       1934   list.o
      1306         18          0          5          0      17121   lv_anim.o
         0          0          0          0          0      19774   lv_arc.o
       534          0          0          0          0       4391   lv_area.o
        92          6          0          0          0       2244   lv_async.o
      1832         48          0          8          0      21594   lv_bar.o
         0          0          0          0          0       5824   lv_btn.o
         0          0          0          0          0       3706   lv_calendar.o
        98          0          0          0          0       2233   lv_circ.o
       274          0          0          0          0      22005   lv_disp.o
       356         12         36         36          0      20165   lv_draw.o
      2558         24          0          0          0      23843   lv_draw_basic.o
      2388         58          0          0          0      17209   lv_draw_img.o
      1348         22          0          0          0      11282   lv_draw_label.o
     11562         16         17          0          0      20873   lv_draw_rect.o
        84          0          0          0          0       2929   lv_font.o
       884         14          0          0          0       6535   lv_font_fmt_txt.o
         0          0          0          0          0       1796   lv_font_roboto_12.o
         0          0      11704         44          0       2104   lv_font_roboto_16.o
         0          0          0         12         96       8198   lv_gc.o
      2176         36         46          0          0      33225   lv_group.o
       736         20          2          4          0      26326   lv_hal_disp.o
       248          8          0          0          0      22736   lv_hal_indev.o
        76         10          0          5          0       1684   lv_hal_tick.o
       520         14          0          2          0       2914   lv_img_cache.o
      1888         28          0          0          0      14158   lv_img_decoder.o
      5164         36          0          8          0      24340   lv_indev.o
      5036        108          0          4          0      26113   lv_label.o
       890          0          0          0          0       5841   lv_ll.o
       204          4        182          0          0       1830   lv_math.o
       768         14          0          8          0       4227   lv_mem.o
      6244        106          0         12          0      38145   lv_obj.o
       124         18          0          0     153628      23354   lv_port_disp.o
       124         18          0          4          0       1265   lv_port_indev.o
      2032         14          0          8          0       6825   lv_refr.o
      2770         32          0          8          0       9480   lv_slider.o
      2708         84         22          0        780       9553   lv_style.o
      1294         16          0          4          0       7315   lv_sw.o
       524         76         26          8        240       3550   lv_sw_test.o
       868         40          0         20          0       4800   lv_task.o
       156         18          0          1       6792      26918   lv_theme.o
      1668         36          0         32          0      10027   lv_txt.o
       212          0          0          0          0       1495   lv_utils.o
       696        252          0         12          0      11796   main.o
       220         22          0          0          0       1881   misc.o
       766         96          0         12          0       7851   port.o
       288         16          0          0          0       1564   sram.o
        36          8        304          0       2048        896   startup_stm32f10x_hd.o
      1548         18          0          0          0       5455   stm32f10x_fsmc.o
       860         38          0          0          0       5809   stm32f10x_gpio.o
        36          0          0          0          0       1151   stm32f10x_it.o
       932         36          0         20          0       9024   stm32f10x_rcc.o
      3610         88          0          0          0      22924   stm32f10x_tim.o
      1032         22          0          0          0       8540   stm32f10x_usart.o
       480         38          0         20          0     258539   system_stm32f10x.o
        40          0          0          0          0        668   systick.o
      4988        338          0         60        740      27964   tasks.o
      3328        116      18712         12          0      13751   tftlcd.o
       164          6          0          0          0      24334   time.o
      4040        208        125         74          0       7053   touch.o

    ----------------------------------------------------------------------
     85084       2366      31216        480     201192     949954   Object Totals
         0          0         32          0          0          0   (incl. Generated)
        16          0          8         13          4          0   (incl. Padding)

    ----------------------------------------------------------------------

      Code (inc. data)   RO Data    RW Data    ZI Data      Debug   Library Member Name

        76          0          0          0          0         84   sqrt.o
        86          0          0          0          0          0   __dczerorl2.o
         0          0          0          0          0          0   entry.o
         0          0          0          0          0          0   entry10a.o
         0          0          0          0          0          0   entry11a.o
         8          4          0          0          0          0   entry2.o
         4          0          0          0          0          0   entry5.o
         0          0          0          0          0          0   entry7b.o
         0          0          0          0          0          0   entry8b.o
         8          4          0          0          0          0   entry9a.o
        12          6          0          4          0         68   errno.o
        30          0          0          0          0          0   handlers.o
        36          8          0          0          0         68   init.o
         0          0          0          0          0          0   iusefp.o
        30          0          0          0          0         68   llshl.o
        32          0          0          0          0         68   llushr.o
        36          0          0          0          0         68   memcpya.o
        36          0          0          0          0        108   memseta.o
       736         56          0          0          0        184   printf5.o
         0          0          0          4          0          0   stdout.o
        18          0          0          0          0         68   strcpy.o
        14          0          0          0          0         68   strlen.o
        98          0          0          0          0         92   uldiv.o
        48          0          0          0          0         68   cdcmple.o
        48          0          0          0          0         68   cdrcmple.o
       186          0          0          0          0        176   depilogue.o
        50          0          0          0          0         76   dfixui.o
        26          0          0          0          0         76   dfltui.o
       228          0          0          0          0         96   dmul.o
       162          0          0          0          0        100   dsqrt.o
        38          0          0          0          0         68   f2d.o
       176          0          0          0          0        140   fadd.o
       124          0          0          0          0         88   fdiv.o
       110          0          0          0          0        168   fepilogue.o
        50          0          0          0          0         68   ffixi.o
        40          0          0          0          0         68   ffixui.o
        18          0          0          0          0         68   fflti.o
        10          0          0          0          0         68   ffltui.o
       100          0          0          0          0         76   fmul.o

    ----------------------------------------------------------------------
      2676         78          0          8          0       2416   Library Totals
         2          0          0          0          0          0   (incl. Padding)

    ----------------------------------------------------------------------

      Code (inc. data)   RO Data    RW Data    ZI Data      Debug   Library Name

        76          0          0          0          0         84   m_ws.l
      1184         78          0          8          0        860   mc_w.l
      1414          0          0          0          0       1472   mf_w.l

    ----------------------------------------------------------------------
      2676         78          0          8          0       2416   Library Totals

    ----------------------------------------------------------------------

==============================================================================


      Code (inc. data)   RO Data    RW Data    ZI Data      Debug   

     87760       2444      31216        488     201192     945790   Grand Totals
     87760       2444      31216        144     201192     945790   ELF Image Totals (compressed)
     87760       2444      31216        144          0          0   ROM Totals

==============================================================================

    Total RO  Size (Code + RO Data)               118976 ( 116.19kB)
    Total RW  Size (RW Data + ZI Data)            201680 ( 196.95kB)
    Total ROM Size (Code + RO Data + RW Data)     119120 ( 116.33kB)

==============================================================================

